[2026-04-30T20:24:24.714+0000] {processor.py:186} INFO - Started process (PID=202) to work on /opt/airflow/dags/etl-dag.py
[2026-04-30T20:24:24.717+0000] {processor.py:914} INFO - Processing file /opt/airflow/dags/etl-dag.py for tasks to queue
[2026-04-30T20:24:24.720+0000] {logging_mixin.py:190} INFO - [2026-04-30T20:24:24.720+0000] {dagbag.py:588} INFO - Filling up the DagBag from /opt/airflow/dags/etl-dag.py
[2026-04-30T20:24:27.223+0000] {processor.py:925} INFO - DAG(s) 'etl_pipeline' retrieved from /opt/airflow/dags/etl-dag.py
[2026-04-30T20:24:27.282+0000] {logging_mixin.py:190} INFO - [2026-04-30T20:24:27.281+0000] {dag.py:3239} INFO - Sync 1 DAGs
[2026-04-30T20:24:27.350+0000] {logging_mixin.py:190} INFO - [2026-04-30T20:24:27.349+0000] {dag.py:4180} INFO - Setting next_dagrun for etl_pipeline to 2026-04-29 00:00:00+00:00, run_after=2026-04-30 00:00:00+00:00
[2026-04-30T20:24:27.413+0000] {processor.py:208} INFO - Processing /opt/airflow/dags/etl-dag.py took 2.709 seconds
[2026-04-30T20:24:57.936+0000] {processor.py:186} INFO - Started process (PID=215) to work on /opt/airflow/dags/etl-dag.py
[2026-04-30T20:24:57.939+0000] {processor.py:914} INFO - Processing file /opt/airflow/dags/etl-dag.py for tasks to queue
[2026-04-30T20:24:57.945+0000] {logging_mixin.py:190} INFO - [2026-04-30T20:24:57.944+0000] {dagbag.py:588} INFO - Filling up the DagBag from /opt/airflow/dags/etl-dag.py
[2026-04-30T20:24:59.258+0000] {processor.py:925} INFO - DAG(s) 'etl_pipeline' retrieved from /opt/airflow/dags/etl-dag.py
[2026-04-30T20:24:59.286+0000] {logging_mixin.py:190} INFO - [2026-04-30T20:24:59.285+0000] {dag.py:3239} INFO - Sync 1 DAGs
[2026-04-30T20:24:59.338+0000] {logging_mixin.py:190} INFO - [2026-04-30T20:24:59.338+0000] {dag.py:4180} INFO - Setting next_dagrun for etl_pipeline to 2026-04-29 00:00:00+00:00, run_after=2026-04-30 00:00:00+00:00
[2026-04-30T20:24:59.378+0000] {processor.py:208} INFO - Processing /opt/airflow/dags/etl-dag.py took 1.460 seconds
[2026-04-30T20:25:51.245+0000] {processor.py:186} INFO - Started process (PID=205) to work on /opt/airflow/dags/etl-dag.py
[2026-04-30T20:25:51.252+0000] {processor.py:914} INFO - Processing file /opt/airflow/dags/etl-dag.py for tasks to queue
[2026-04-30T20:25:51.269+0000] {logging_mixin.py:190} INFO - [2026-04-30T20:25:51.266+0000] {dagbag.py:588} INFO - Filling up the DagBag from /opt/airflow/dags/etl-dag.py
[2026-04-30T20:25:55.615+0000] {processor.py:925} INFO - DAG(s) 'etl_pipeline' retrieved from /opt/airflow/dags/etl-dag.py
[2026-04-30T20:25:55.874+0000] {logging_mixin.py:190} INFO - [2026-04-30T20:25:55.862+0000] {dag.py:3239} INFO - Sync 1 DAGs
[2026-04-30T20:25:55.999+0000] {logging_mixin.py:190} INFO - [2026-04-30T20:25:55.998+0000] {dag.py:4180} INFO - Setting next_dagrun for etl_pipeline to 2026-04-29 00:00:00+00:00, run_after=2026-04-30 00:00:00+00:00
[2026-04-30T20:25:56.132+0000] {processor.py:208} INFO - Processing /opt/airflow/dags/etl-dag.py took 4.962 seconds
[2026-04-30T20:26:26.949+0000] {processor.py:186} INFO - Started process (PID=218) to work on /opt/airflow/dags/etl-dag.py
[2026-04-30T20:26:26.952+0000] {processor.py:914} INFO - Processing file /opt/airflow/dags/etl-dag.py for tasks to queue
[2026-04-30T20:26:26.972+0000] {logging_mixin.py:190} INFO - [2026-04-30T20:26:26.970+0000] {dagbag.py:588} INFO - Filling up the DagBag from /opt/airflow/dags/etl-dag.py
[2026-04-30T20:26:30.968+0000] {processor.py:925} INFO - DAG(s) 'etl_pipeline' retrieved from /opt/airflow/dags/etl-dag.py
[2026-04-30T20:26:31.054+0000] {logging_mixin.py:190} INFO - [2026-04-30T20:26:31.053+0000] {dag.py:3239} INFO - Sync 1 DAGs
[2026-04-30T20:26:31.148+0000] {logging_mixin.py:190} INFO - [2026-04-30T20:26:31.147+0000] {dag.py:4180} INFO - Setting next_dagrun for etl_pipeline to 2026-04-29 00:00:00+00:00, run_after=2026-04-30 00:00:00+00:00
[2026-04-30T20:26:31.190+0000] {processor.py:208} INFO - Processing /opt/airflow/dags/etl-dag.py took 4.271 seconds
[2026-04-30T20:27:01.397+0000] {processor.py:186} INFO - Started process (PID=231) to work on /opt/airflow/dags/etl-dag.py
[2026-04-30T20:27:01.398+0000] {processor.py:914} INFO - Processing file /opt/airflow/dags/etl-dag.py for tasks to queue
[2026-04-30T20:27:01.403+0000] {logging_mixin.py:190} INFO - [2026-04-30T20:27:01.403+0000] {dagbag.py:588} INFO - Filling up the DagBag from /opt/airflow/dags/etl-dag.py
[2026-04-30T20:27:03.121+0000] {processor.py:925} INFO - DAG(s) 'etl_pipeline' retrieved from /opt/airflow/dags/etl-dag.py
[2026-04-30T20:27:03.179+0000] {logging_mixin.py:190} INFO - [2026-04-30T20:27:03.179+0000] {dag.py:3239} INFO - Sync 1 DAGs
[2026-04-30T20:27:03.218+0000] {logging_mixin.py:190} INFO - [2026-04-30T20:27:03.217+0000] {dag.py:4180} INFO - Setting next_dagrun for etl_pipeline to 2026-04-29 00:00:00+00:00, run_after=2026-04-30 00:00:00+00:00
[2026-04-30T20:27:03.258+0000] {processor.py:208} INFO - Processing /opt/airflow/dags/etl-dag.py took 1.873 seconds
[2026-04-30T20:27:33.818+0000] {processor.py:186} INFO - Started process (PID=244) to work on /opt/airflow/dags/etl-dag.py
[2026-04-30T20:27:33.821+0000] {processor.py:914} INFO - Processing file /opt/airflow/dags/etl-dag.py for tasks to queue
[2026-04-30T20:27:33.826+0000] {logging_mixin.py:190} INFO - [2026-04-30T20:27:33.825+0000] {dagbag.py:588} INFO - Filling up the DagBag from /opt/airflow/dags/etl-dag.py
[2026-04-30T20:27:35.018+0000] {processor.py:925} INFO - DAG(s) 'etl_pipeline' retrieved from /opt/airflow/dags/etl-dag.py
[2026-04-30T20:27:35.056+0000] {logging_mixin.py:190} INFO - [2026-04-30T20:27:35.055+0000] {dag.py:3239} INFO - Sync 1 DAGs
[2026-04-30T20:27:35.115+0000] {logging_mixin.py:190} INFO - [2026-04-30T20:27:35.115+0000] {dag.py:4180} INFO - Setting next_dagrun for etl_pipeline to 2026-04-29 00:00:00+00:00, run_after=2026-04-30 00:00:00+00:00
[2026-04-30T20:27:35.165+0000] {processor.py:208} INFO - Processing /opt/airflow/dags/etl-dag.py took 1.370 seconds
[2026-04-30T20:28:06.077+0000] {processor.py:186} INFO - Started process (PID=258) to work on /opt/airflow/dags/etl-dag.py
[2026-04-30T20:28:06.106+0000] {processor.py:914} INFO - Processing file /opt/airflow/dags/etl-dag.py for tasks to queue
[2026-04-30T20:28:06.145+0000] {logging_mixin.py:190} INFO - [2026-04-30T20:28:06.135+0000] {dagbag.py:588} INFO - Filling up the DagBag from /opt/airflow/dags/etl-dag.py
[2026-04-30T20:28:13.587+0000] {processor.py:925} INFO - DAG(s) 'etl_pipeline' retrieved from /opt/airflow/dags/etl-dag.py
[2026-04-30T20:28:13.953+0000] {logging_mixin.py:190} INFO - [2026-04-30T20:28:13.951+0000] {dag.py:3239} INFO - Sync 1 DAGs
[2026-04-30T20:28:14.099+0000] {logging_mixin.py:190} INFO - [2026-04-30T20:28:14.098+0000] {dag.py:4180} INFO - Setting next_dagrun for etl_pipeline to 2026-04-30 00:00:00+00:00, run_after=2026-05-01 00:00:00+00:00
[2026-04-30T20:28:14.202+0000] {processor.py:208} INFO - Processing /opt/airflow/dags/etl-dag.py took 8.250 seconds
[2026-04-30T20:28:51.500+0000] {processor.py:186} INFO - Started process (PID=305) to work on /opt/airflow/dags/etl-dag.py
[2026-04-30T20:28:51.515+0000] {processor.py:914} INFO - Processing file /opt/airflow/dags/etl-dag.py for tasks to queue
[2026-04-30T20:28:51.593+0000] {logging_mixin.py:190} INFO - [2026-04-30T20:28:51.583+0000] {dagbag.py:588} INFO - Filling up the DagBag from /opt/airflow/dags/etl-dag.py
[2026-04-30T20:29:23.455+0000] {logging_mixin.py:190} INFO - [2026-04-30T20:29:23.444+0000] {timeout.py:68} ERROR - Process timed out, PID: 305
[2026-04-30T20:29:23.458+0000] {logging_mixin.py:190} WARNING - Exception ignored in: <function WeakKeyDictionary.__init__.<locals>.remove at 0x75dd3938d080>
[2026-04-30T20:29:23.459+0000] {logging_mixin.py:190} WARNING - Traceback (most recent call last):
[2026-04-30T20:29:23.460+0000] {logging_mixin.py:190} WARNING -   File "/usr/local/lib/python3.12/weakref.py", line 369, in remove
[2026-04-30T20:29:23.464+0000] {logging_mixin.py:190} WARNING -     def remove(k, selfref=ref(self)):
[2026-04-30T20:29:23.465+0000] {logging_mixin.py:190} WARNING -   File "/home/airflow/.local/lib/python3.12/site-packages/airflow/utils/timeout.py", line 69, in handle_timeout
[2026-04-30T20:29:23.473+0000] {logging_mixin.py:190} WARNING -     raise AirflowTaskTimeout(self.error_message)
[2026-04-30T20:29:23.475+0000] {logging_mixin.py:190} WARNING - airflow.exceptions.AirflowTaskTimeout: DagBag import timeout for /opt/airflow/dags/etl-dag.py after 30.0s.
Please take a look at these docs to improve your DAG import time:
* https://airflow.apache.org/docs/apache-airflow/2.10.4/best-practices.html#top-level-python-code
* https://airflow.apache.org/docs/apache-airflow/2.10.4/best-practices.html#reducing-dag-complexity, PID: 305
[2026-04-30T20:29:25.066+0000] {processor.py:925} INFO - DAG(s) 'etl_pipeline' retrieved from /opt/airflow/dags/etl-dag.py
[2026-04-30T20:29:25.125+0000] {logging_mixin.py:190} INFO - [2026-04-30T20:29:25.124+0000] {dag.py:3239} INFO - Sync 1 DAGs
[2026-04-30T20:29:25.166+0000] {logging_mixin.py:190} INFO - [2026-04-30T20:29:25.166+0000] {dag.py:4180} INFO - Setting next_dagrun for etl_pipeline to 2026-04-30 00:00:00+00:00, run_after=2026-05-01 00:00:00+00:00
[2026-04-30T20:29:25.197+0000] {processor.py:208} INFO - Processing /opt/airflow/dags/etl-dag.py took 39.595 seconds
[2026-04-30T20:29:29.942+0000] {processor.py:186} INFO - Started process (PID=318) to work on /opt/airflow/dags/etl-dag.py
[2026-04-30T20:29:29.944+0000] {processor.py:914} INFO - Processing file /opt/airflow/dags/etl-dag.py for tasks to queue
[2026-04-30T20:29:29.954+0000] {logging_mixin.py:190} INFO - [2026-04-30T20:29:29.952+0000] {dagbag.py:588} INFO - Filling up the DagBag from /opt/airflow/dags/etl-dag.py
[2026-04-30T20:29:31.496+0000] {processor.py:925} INFO - DAG(s) 'etl_pipeline' retrieved from /opt/airflow/dags/etl-dag.py
[2026-04-30T20:29:31.524+0000] {logging_mixin.py:190} INFO - [2026-04-30T20:29:31.523+0000] {taskinstance.py:3313} ERROR - {'DAG Id': 'etl_pipeline', 'Task Id': 'extract', 'Run Id': 'scheduled__2026-04-29T00:00:00+00:00', 'Hostname': 'ee35a88210b0'}
[2026-04-30T20:29:31.572+0000] {logging_mixin.py:190} INFO - [2026-04-30T20:29:31.572+0000] {taskinstance.py:1225} INFO - Marking task as FAILED. dag_id=etl_pipeline, task_id=extract, run_id=scheduled__2026-04-29T00:00:00+00:00, execution_date=20260429T000000, start_date=20260430T202836, end_date=20260430T202931
[2026-04-30T20:29:31.602+0000] {logging_mixin.py:190} INFO - [2026-04-30T20:29:31.601+0000] {processor.py:876} INFO - Executed callback for <TaskInstance: etl_pipeline.extract scheduled__2026-04-29T00:00:00+00:00 [failed]> in state failed
[2026-04-30T20:29:31.627+0000] {logging_mixin.py:190} INFO - [2026-04-30T20:29:31.626+0000] {dag.py:3239} INFO - Sync 1 DAGs
[2026-04-30T20:29:31.658+0000] {logging_mixin.py:190} INFO - [2026-04-30T20:29:31.657+0000] {dag.py:4180} INFO - Setting next_dagrun for etl_pipeline to 2026-04-30 00:00:00+00:00, run_after=2026-05-01 00:00:00+00:00
[2026-04-30T20:29:31.695+0000] {processor.py:208} INFO - Processing /opt/airflow/dags/etl-dag.py took 1.766 seconds
[2026-04-30T20:29:40.039+0000] {processor.py:186} INFO - Started process (PID=325) to work on /opt/airflow/dags/etl-dag.py
[2026-04-30T20:29:40.042+0000] {processor.py:914} INFO - Processing file /opt/airflow/dags/etl-dag.py for tasks to queue
[2026-04-30T20:29:40.047+0000] {logging_mixin.py:190} INFO - [2026-04-30T20:29:40.047+0000] {dagbag.py:588} INFO - Filling up the DagBag from /opt/airflow/dags/etl-dag.py
[2026-04-30T20:29:41.246+0000] {processor.py:925} INFO - DAG(s) 'etl_pipeline' retrieved from /opt/airflow/dags/etl-dag.py
[2026-04-30T20:29:41.286+0000] {logging_mixin.py:190} INFO - [2026-04-30T20:29:41.284+0000] {taskinstance.py:3313} ERROR - {'DAG Id': 'etl_pipeline', 'Task Id': 'extract', 'Run Id': 'manual__2026-04-30T20:28:01.269605+00:00', 'Hostname': 'ee35a88210b0'}
[2026-04-30T20:29:41.329+0000] {logging_mixin.py:190} INFO - [2026-04-30T20:29:41.329+0000] {taskinstance.py:1225} INFO - Marking task as FAILED. dag_id=etl_pipeline, task_id=extract, run_id=manual__2026-04-30T20:28:01.269605+00:00, execution_date=20260430T202801, start_date=20260430T202836, end_date=20260430T202941
[2026-04-30T20:29:41.363+0000] {logging_mixin.py:190} INFO - [2026-04-30T20:29:41.363+0000] {processor.py:876} INFO - Executed callback for <TaskInstance: etl_pipeline.extract manual__2026-04-30T20:28:01.269605+00:00 [failed]> in state failed
[2026-04-30T20:29:41.372+0000] {logging_mixin.py:190} INFO - [2026-04-30T20:29:41.372+0000] {taskinstance.py:3313} ERROR - {'DAG Id': 'etl_pipeline', 'Task Id': 'extract', 'Run Id': 'manual__2026-04-30T20:28:01.269605+00:00', 'Hostname': 'ee35a88210b0'}
[2026-04-30T20:29:41.395+0000] {logging_mixin.py:190} INFO - [2026-04-30T20:29:41.394+0000] {taskinstance.py:1225} INFO - Marking task as FAILED. dag_id=etl_pipeline, task_id=extract, run_id=manual__2026-04-30T20:28:01.269605+00:00, execution_date=20260430T202801, start_date=20260430T202836, end_date=20260430T202941
[2026-04-30T20:29:41.410+0000] {logging_mixin.py:190} INFO - [2026-04-30T20:29:41.409+0000] {processor.py:876} INFO - Executed callback for <TaskInstance: etl_pipeline.extract manual__2026-04-30T20:28:01.269605+00:00 [failed]> in state failed
[2026-04-30T20:29:41.444+0000] {logging_mixin.py:190} INFO - [2026-04-30T20:29:41.443+0000] {dag.py:3239} INFO - Sync 1 DAGs
[2026-04-30T20:29:41.467+0000] {logging_mixin.py:190} INFO - [2026-04-30T20:29:41.467+0000] {dag.py:4180} INFO - Setting next_dagrun for etl_pipeline to 2026-04-30 00:00:00+00:00, run_after=2026-05-01 00:00:00+00:00
[2026-04-30T20:29:41.498+0000] {processor.py:208} INFO - Processing /opt/airflow/dags/etl-dag.py took 1.473 seconds
[2026-04-30T20:30:12.033+0000] {processor.py:186} INFO - Started process (PID=338) to work on /opt/airflow/dags/etl-dag.py
[2026-04-30T20:30:12.037+0000] {processor.py:914} INFO - Processing file /opt/airflow/dags/etl-dag.py for tasks to queue
[2026-04-30T20:30:12.043+0000] {logging_mixin.py:190} INFO - [2026-04-30T20:30:12.042+0000] {dagbag.py:588} INFO - Filling up the DagBag from /opt/airflow/dags/etl-dag.py
[2026-04-30T20:30:13.591+0000] {processor.py:925} INFO - DAG(s) 'etl_pipeline' retrieved from /opt/airflow/dags/etl-dag.py
[2026-04-30T20:30:13.671+0000] {logging_mixin.py:190} INFO - [2026-04-30T20:30:13.670+0000] {dag.py:3239} INFO - Sync 1 DAGs
[2026-04-30T20:30:13.709+0000] {logging_mixin.py:190} INFO - [2026-04-30T20:30:13.708+0000] {dag.py:4180} INFO - Setting next_dagrun for etl_pipeline to 2026-04-30 00:00:00+00:00, run_after=2026-05-01 00:00:00+00:00
[2026-04-30T20:30:13.742+0000] {processor.py:208} INFO - Processing /opt/airflow/dags/etl-dag.py took 1.736 seconds
[2026-04-30T20:30:44.033+0000] {processor.py:186} INFO - Started process (PID=351) to work on /opt/airflow/dags/etl-dag.py
[2026-04-30T20:30:44.035+0000] {processor.py:914} INFO - Processing file /opt/airflow/dags/etl-dag.py for tasks to queue
[2026-04-30T20:30:44.040+0000] {logging_mixin.py:190} INFO - [2026-04-30T20:30:44.039+0000] {dagbag.py:588} INFO - Filling up the DagBag from /opt/airflow/dags/etl-dag.py
[2026-04-30T20:30:46.685+0000] {processor.py:925} INFO - DAG(s) 'etl_pipeline' retrieved from /opt/airflow/dags/etl-dag.py
[2026-04-30T20:30:46.791+0000] {logging_mixin.py:190} INFO - [2026-04-30T20:30:46.790+0000] {dag.py:3239} INFO - Sync 1 DAGs
[2026-04-30T20:30:46.837+0000] {logging_mixin.py:190} INFO - [2026-04-30T20:30:46.837+0000] {dag.py:4180} INFO - Setting next_dagrun for etl_pipeline to 2026-04-30 00:00:00+00:00, run_after=2026-05-01 00:00:00+00:00
[2026-04-30T20:30:46.884+0000] {processor.py:208} INFO - Processing /opt/airflow/dags/etl-dag.py took 2.867 seconds
[2026-04-30T20:31:17.698+0000] {processor.py:186} INFO - Started process (PID=364) to work on /opt/airflow/dags/etl-dag.py
[2026-04-30T20:31:17.702+0000] {processor.py:914} INFO - Processing file /opt/airflow/dags/etl-dag.py for tasks to queue
[2026-04-30T20:31:17.711+0000] {logging_mixin.py:190} INFO - [2026-04-30T20:31:17.710+0000] {dagbag.py:588} INFO - Filling up the DagBag from /opt/airflow/dags/etl-dag.py
[2026-04-30T20:31:20.580+0000] {processor.py:925} INFO - DAG(s) 'etl_pipeline' retrieved from /opt/airflow/dags/etl-dag.py
[2026-04-30T20:31:20.719+0000] {logging_mixin.py:190} INFO - [2026-04-30T20:31:20.716+0000] {dag.py:3239} INFO - Sync 1 DAGs
[2026-04-30T20:31:20.770+0000] {logging_mixin.py:190} INFO - [2026-04-30T20:31:20.769+0000] {dag.py:4180} INFO - Setting next_dagrun for etl_pipeline to 2026-04-30 00:00:00+00:00, run_after=2026-05-01 00:00:00+00:00
[2026-04-30T20:31:20.812+0000] {processor.py:208} INFO - Processing /opt/airflow/dags/etl-dag.py took 3.138 seconds
[2026-04-30T20:31:51.827+0000] {processor.py:186} INFO - Started process (PID=377) to work on /opt/airflow/dags/etl-dag.py
[2026-04-30T20:31:51.838+0000] {processor.py:914} INFO - Processing file /opt/airflow/dags/etl-dag.py for tasks to queue
[2026-04-30T20:31:51.882+0000] {logging_mixin.py:190} INFO - [2026-04-30T20:31:51.867+0000] {dagbag.py:588} INFO - Filling up the DagBag from /opt/airflow/dags/etl-dag.py
[2026-04-30T20:32:01.579+0000] {processor.py:925} INFO - DAG(s) 'etl_pipeline' retrieved from /opt/airflow/dags/etl-dag.py
[2026-04-30T20:32:01.784+0000] {logging_mixin.py:190} INFO - [2026-04-30T20:32:01.778+0000] {dag.py:3239} INFO - Sync 1 DAGs
[2026-04-30T20:32:01.842+0000] {logging_mixin.py:190} INFO - [2026-04-30T20:32:01.842+0000] {dag.py:4180} INFO - Setting next_dagrun for etl_pipeline to 2026-04-30 00:00:00+00:00, run_after=2026-05-01 00:00:00+00:00
[2026-04-30T20:32:01.891+0000] {processor.py:208} INFO - Processing /opt/airflow/dags/etl-dag.py took 10.121 seconds
[2026-04-30T20:32:27.441+0000] {processor.py:186} INFO - Started process (PID=395) to work on /opt/airflow/dags/etl-dag.py
[2026-04-30T20:32:27.447+0000] {processor.py:914} INFO - Processing file /opt/airflow/dags/etl-dag.py for tasks to queue
[2026-04-30T20:32:27.479+0000] {logging_mixin.py:190} INFO - [2026-04-30T20:32:27.477+0000] {dagbag.py:588} INFO - Filling up the DagBag from /opt/airflow/dags/etl-dag.py
[2026-04-30T20:32:31.347+0000] {processor.py:925} INFO - DAG(s) 'etl_pipeline' retrieved from /opt/airflow/dags/etl-dag.py
[2026-04-30T20:32:31.481+0000] {logging_mixin.py:190} INFO - [2026-04-30T20:32:31.480+0000] {dag.py:3239} INFO - Sync 1 DAGs
[2026-04-30T20:32:31.532+0000] {logging_mixin.py:190} INFO - [2026-04-30T20:32:31.531+0000] {dag.py:4180} INFO - Setting next_dagrun for etl_pipeline to 2026-04-30 00:00:00+00:00, run_after=2026-05-01 00:00:00+00:00
[2026-04-30T20:32:31.643+0000] {processor.py:208} INFO - Processing /opt/airflow/dags/etl-dag.py took 4.325 seconds
[2026-04-30T20:32:32.480+0000] {processor.py:186} INFO - Started process (PID=402) to work on /opt/airflow/dags/etl-dag.py
[2026-04-30T20:32:32.482+0000] {processor.py:914} INFO - Processing file /opt/airflow/dags/etl-dag.py for tasks to queue
[2026-04-30T20:32:32.498+0000] {logging_mixin.py:190} INFO - [2026-04-30T20:32:32.497+0000] {dagbag.py:588} INFO - Filling up the DagBag from /opt/airflow/dags/etl-dag.py
[2026-04-30T20:32:34.061+0000] {processor.py:925} INFO - DAG(s) 'etl_pipeline' retrieved from /opt/airflow/dags/etl-dag.py
[2026-04-30T20:32:34.104+0000] {logging_mixin.py:190} INFO - [2026-04-30T20:32:34.103+0000] {dag.py:3239} INFO - Sync 1 DAGs
[2026-04-30T20:32:34.183+0000] {logging_mixin.py:190} INFO - [2026-04-30T20:32:34.182+0000] {dag.py:4180} INFO - Setting next_dagrun for etl_pipeline to 2026-04-30 00:00:00+00:00, run_after=2026-05-01 00:00:00+00:00
[2026-04-30T20:32:34.304+0000] {processor.py:208} INFO - Processing /opt/airflow/dags/etl-dag.py took 1.836 seconds
[2026-04-30T20:32:35.509+0000] {processor.py:186} INFO - Started process (PID=409) to work on /opt/airflow/dags/etl-dag.py
[2026-04-30T20:32:35.512+0000] {processor.py:914} INFO - Processing file /opt/airflow/dags/etl-dag.py for tasks to queue
[2026-04-30T20:32:35.516+0000] {logging_mixin.py:190} INFO - [2026-04-30T20:32:35.515+0000] {dagbag.py:588} INFO - Filling up the DagBag from /opt/airflow/dags/etl-dag.py
[2026-04-30T20:32:35.556+0000] {logging_mixin.py:190} INFO - [2026-04-30T20:32:35.548+0000] {dagbag.py:387} ERROR - Failed to import: /opt/airflow/dags/etl-dag.py
Traceback (most recent call last):
  File "/home/airflow/.local/lib/python3.12/site-packages/airflow/models/dagbag.py", line 383, in parse
    loader.exec_module(new_module)
  File "<frozen importlib._bootstrap_external>", line 995, in exec_module
  File "<frozen importlib._bootstrap_external>", line 1133, in get_code
  File "<frozen importlib._bootstrap_external>", line 1063, in source_to_code
  File "<frozen importlib._bootstrap>", line 488, in _call_with_frames_removed
  File "/opt/airflow/dags/etl-dag.py", line 81
    ) as dag:
    ^
SyntaxError: positional argument follows keyword argument
[2026-04-30T20:32:35.561+0000] {processor.py:927} WARNING - No viable dags retrieved from /opt/airflow/dags/etl-dag.py
[2026-04-30T20:32:35.635+0000] {processor.py:208} INFO - Processing /opt/airflow/dags/etl-dag.py took 0.137 seconds
[2026-04-30T20:32:40.285+0000] {processor.py:186} INFO - Started process (PID=414) to work on /opt/airflow/dags/etl-dag.py
[2026-04-30T20:32:40.300+0000] {processor.py:914} INFO - Processing file /opt/airflow/dags/etl-dag.py for tasks to queue
[2026-04-30T20:32:40.306+0000] {logging_mixin.py:190} INFO - [2026-04-30T20:32:40.305+0000] {dagbag.py:588} INFO - Filling up the DagBag from /opt/airflow/dags/etl-dag.py
[2026-04-30T20:32:42.308+0000] {processor.py:925} INFO - DAG(s) 'etl_pipeline' retrieved from /opt/airflow/dags/etl-dag.py
[2026-04-30T20:32:43.130+0000] {logging_mixin.py:190} INFO - [2026-04-30T20:32:43.128+0000] {dag.py:3239} INFO - Sync 1 DAGs
[2026-04-30T20:32:43.178+0000] {logging_mixin.py:190} INFO - [2026-04-30T20:32:43.178+0000] {dag.py:4180} INFO - Setting next_dagrun for etl_pipeline to 2026-04-30 00:00:00+00:00, run_after=2026-05-01 00:00:00+00:00
[2026-04-30T20:32:43.252+0000] {processor.py:208} INFO - Processing /opt/airflow/dags/etl-dag.py took 2.974 seconds
[2026-04-30T20:32:51.574+0000] {processor.py:186} INFO - Started process (PID=421) to work on /opt/airflow/dags/etl-dag.py
[2026-04-30T20:32:51.577+0000] {processor.py:914} INFO - Processing file /opt/airflow/dags/etl-dag.py for tasks to queue
[2026-04-30T20:32:51.581+0000] {logging_mixin.py:190} INFO - [2026-04-30T20:32:51.580+0000] {dagbag.py:588} INFO - Filling up the DagBag from /opt/airflow/dags/etl-dag.py
[2026-04-30T20:32:53.530+0000] {processor.py:925} INFO - DAG(s) 'etl_pipeline' retrieved from /opt/airflow/dags/etl-dag.py
[2026-04-30T20:32:53.573+0000] {logging_mixin.py:190} INFO - [2026-04-30T20:32:53.571+0000] {dag.py:3239} INFO - Sync 1 DAGs
[2026-04-30T20:32:53.633+0000] {logging_mixin.py:190} INFO - [2026-04-30T20:32:53.632+0000] {dag.py:4180} INFO - Setting next_dagrun for etl_pipeline to 2026-04-30 00:00:00+00:00, run_after=2026-05-01 00:00:00+00:00
[2026-04-30T20:32:53.686+0000] {processor.py:208} INFO - Processing /opt/airflow/dags/etl-dag.py took 2.128 seconds
[2026-04-30T20:33:01.838+0000] {processor.py:186} INFO - Started process (PID=434) to work on /opt/airflow/dags/etl-dag.py
[2026-04-30T20:33:01.841+0000] {processor.py:914} INFO - Processing file /opt/airflow/dags/etl-dag.py for tasks to queue
[2026-04-30T20:33:01.846+0000] {logging_mixin.py:190} INFO - [2026-04-30T20:33:01.845+0000] {dagbag.py:588} INFO - Filling up the DagBag from /opt/airflow/dags/etl-dag.py
[2026-04-30T20:33:04.134+0000] {processor.py:925} INFO - DAG(s) 'etl_pipeline' retrieved from /opt/airflow/dags/etl-dag.py
[2026-04-30T20:33:04.205+0000] {logging_mixin.py:190} INFO - [2026-04-30T20:33:04.205+0000] {dag.py:3239} INFO - Sync 1 DAGs
[2026-04-30T20:33:04.237+0000] {logging_mixin.py:190} INFO - [2026-04-30T20:33:04.237+0000] {dag.py:4180} INFO - Setting next_dagrun for etl_pipeline to 2026-04-30 00:00:00+00:00, run_after=2026-05-01 00:00:00+00:00
[2026-04-30T20:33:04.289+0000] {processor.py:208} INFO - Processing /opt/airflow/dags/etl-dag.py took 2.461 seconds
[2026-04-30T20:33:34.903+0000] {processor.py:186} INFO - Started process (PID=447) to work on /opt/airflow/dags/etl-dag.py
[2026-04-30T20:33:34.905+0000] {processor.py:914} INFO - Processing file /opt/airflow/dags/etl-dag.py for tasks to queue
[2026-04-30T20:33:34.915+0000] {logging_mixin.py:190} INFO - [2026-04-30T20:33:34.914+0000] {dagbag.py:588} INFO - Filling up the DagBag from /opt/airflow/dags/etl-dag.py
[2026-04-30T20:33:37.202+0000] {processor.py:925} INFO - DAG(s) 'etl_pipeline' retrieved from /opt/airflow/dags/etl-dag.py
[2026-04-30T20:33:37.464+0000] {logging_mixin.py:190} INFO - [2026-04-30T20:33:37.463+0000] {dag.py:3239} INFO - Sync 1 DAGs
[2026-04-30T20:33:37.497+0000] {logging_mixin.py:190} INFO - [2026-04-30T20:33:37.497+0000] {dag.py:4180} INFO - Setting next_dagrun for etl_pipeline to 2026-04-30 00:00:00+00:00, run_after=2026-05-01 00:00:00+00:00
[2026-04-30T20:33:37.535+0000] {processor.py:208} INFO - Processing /opt/airflow/dags/etl-dag.py took 2.649 seconds
[2026-04-30T20:34:07.802+0000] {processor.py:186} INFO - Started process (PID=460) to work on /opt/airflow/dags/etl-dag.py
[2026-04-30T20:34:07.805+0000] {processor.py:914} INFO - Processing file /opt/airflow/dags/etl-dag.py for tasks to queue
[2026-04-30T20:34:07.810+0000] {logging_mixin.py:190} INFO - [2026-04-30T20:34:07.809+0000] {dagbag.py:588} INFO - Filling up the DagBag from /opt/airflow/dags/etl-dag.py
[2026-04-30T20:34:09.981+0000] {processor.py:925} INFO - DAG(s) 'etl_pipeline' retrieved from /opt/airflow/dags/etl-dag.py
[2026-04-30T20:34:10.114+0000] {logging_mixin.py:190} INFO - [2026-04-30T20:34:10.113+0000] {dag.py:3239} INFO - Sync 1 DAGs
[2026-04-30T20:34:10.163+0000] {logging_mixin.py:190} INFO - [2026-04-30T20:34:10.162+0000] {dag.py:4180} INFO - Setting next_dagrun for etl_pipeline to 2026-04-30 00:00:00+00:00, run_after=2026-05-01 00:00:00+00:00
[2026-04-30T20:34:10.204+0000] {processor.py:208} INFO - Processing /opt/airflow/dags/etl-dag.py took 2.412 seconds
[2026-04-30T20:34:40.865+0000] {processor.py:186} INFO - Started process (PID=473) to work on /opt/airflow/dags/etl-dag.py
[2026-04-30T20:34:40.870+0000] {processor.py:914} INFO - Processing file /opt/airflow/dags/etl-dag.py for tasks to queue
[2026-04-30T20:34:40.887+0000] {logging_mixin.py:190} INFO - [2026-04-30T20:34:40.885+0000] {dagbag.py:588} INFO - Filling up the DagBag from /opt/airflow/dags/etl-dag.py
[2026-04-30T20:34:43.635+0000] {processor.py:925} INFO - DAG(s) 'etl_pipeline' retrieved from /opt/airflow/dags/etl-dag.py
[2026-04-30T20:34:43.749+0000] {logging_mixin.py:190} INFO - [2026-04-30T20:34:43.743+0000] {dag.py:3239} INFO - Sync 1 DAGs
[2026-04-30T20:34:43.803+0000] {logging_mixin.py:190} INFO - [2026-04-30T20:34:43.802+0000] {dag.py:4180} INFO - Setting next_dagrun for etl_pipeline to 2026-04-30 00:00:00+00:00, run_after=2026-05-01 00:00:00+00:00
[2026-04-30T20:34:43.838+0000] {processor.py:208} INFO - Processing /opt/airflow/dags/etl-dag.py took 3.003 seconds
[2026-04-30T20:35:14.904+0000] {processor.py:186} INFO - Started process (PID=485) to work on /opt/airflow/dags/etl-dag.py
[2026-04-30T20:35:14.907+0000] {processor.py:914} INFO - Processing file /opt/airflow/dags/etl-dag.py for tasks to queue
[2026-04-30T20:35:14.915+0000] {logging_mixin.py:190} INFO - [2026-04-30T20:35:14.914+0000] {dagbag.py:588} INFO - Filling up the DagBag from /opt/airflow/dags/etl-dag.py
[2026-04-30T20:35:17.673+0000] {processor.py:925} INFO - DAG(s) 'etl_pipeline' retrieved from /opt/airflow/dags/etl-dag.py
[2026-04-30T20:35:17.820+0000] {logging_mixin.py:190} INFO - [2026-04-30T20:35:17.819+0000] {dag.py:3239} INFO - Sync 1 DAGs
[2026-04-30T20:35:17.867+0000] {logging_mixin.py:190} INFO - [2026-04-30T20:35:17.866+0000] {dag.py:4180} INFO - Setting next_dagrun for etl_pipeline to 2026-04-30 00:00:00+00:00, run_after=2026-05-01 00:00:00+00:00
[2026-04-30T20:35:17.970+0000] {processor.py:208} INFO - Processing /opt/airflow/dags/etl-dag.py took 3.087 seconds
[2026-04-30T20:35:48.641+0000] {processor.py:186} INFO - Started process (PID=497) to work on /opt/airflow/dags/etl-dag.py
[2026-04-30T20:35:48.644+0000] {processor.py:914} INFO - Processing file /opt/airflow/dags/etl-dag.py for tasks to queue
[2026-04-30T20:35:48.651+0000] {logging_mixin.py:190} INFO - [2026-04-30T20:35:48.648+0000] {dagbag.py:588} INFO - Filling up the DagBag from /opt/airflow/dags/etl-dag.py
[2026-04-30T20:35:51.157+0000] {processor.py:925} INFO - DAG(s) 'etl_pipeline' retrieved from /opt/airflow/dags/etl-dag.py
[2026-04-30T20:35:51.279+0000] {logging_mixin.py:190} INFO - [2026-04-30T20:35:51.278+0000] {dag.py:3239} INFO - Sync 1 DAGs
[2026-04-30T20:35:51.323+0000] {logging_mixin.py:190} INFO - [2026-04-30T20:35:51.322+0000] {dag.py:4180} INFO - Setting next_dagrun for etl_pipeline to 2026-04-30 00:00:00+00:00, run_after=2026-05-01 00:00:00+00:00
[2026-04-30T20:35:51.355+0000] {processor.py:208} INFO - Processing /opt/airflow/dags/etl-dag.py took 2.760 seconds
[2026-04-30T20:36:22.491+0000] {processor.py:186} INFO - Started process (PID=510) to work on /opt/airflow/dags/etl-dag.py
[2026-04-30T20:36:22.495+0000] {processor.py:914} INFO - Processing file /opt/airflow/dags/etl-dag.py for tasks to queue
[2026-04-30T20:36:22.506+0000] {logging_mixin.py:190} INFO - [2026-04-30T20:36:22.500+0000] {dagbag.py:588} INFO - Filling up the DagBag from /opt/airflow/dags/etl-dag.py
[2026-04-30T20:36:25.216+0000] {processor.py:925} INFO - DAG(s) 'etl_pipeline' retrieved from /opt/airflow/dags/etl-dag.py
[2026-04-30T20:36:25.332+0000] {logging_mixin.py:190} INFO - [2026-04-30T20:36:25.332+0000] {dag.py:3239} INFO - Sync 1 DAGs
[2026-04-30T20:36:25.375+0000] {logging_mixin.py:190} INFO - [2026-04-30T20:36:25.374+0000] {dag.py:4180} INFO - Setting next_dagrun for etl_pipeline to 2026-04-30 00:00:00+00:00, run_after=2026-05-01 00:00:00+00:00
[2026-04-30T20:36:25.414+0000] {processor.py:208} INFO - Processing /opt/airflow/dags/etl-dag.py took 2.951 seconds
[2026-04-30T20:36:55.998+0000] {processor.py:186} INFO - Started process (PID=523) to work on /opt/airflow/dags/etl-dag.py
[2026-04-30T20:36:56.000+0000] {processor.py:914} INFO - Processing file /opt/airflow/dags/etl-dag.py for tasks to queue
[2026-04-30T20:36:56.006+0000] {logging_mixin.py:190} INFO - [2026-04-30T20:36:56.006+0000] {dagbag.py:588} INFO - Filling up the DagBag from /opt/airflow/dags/etl-dag.py
[2026-04-30T20:36:59.083+0000] {processor.py:925} INFO - DAG(s) 'etl_pipeline' retrieved from /opt/airflow/dags/etl-dag.py
[2026-04-30T20:36:59.339+0000] {logging_mixin.py:190} INFO - [2026-04-30T20:36:59.331+0000] {dag.py:3239} INFO - Sync 1 DAGs
[2026-04-30T20:36:59.381+0000] {logging_mixin.py:190} INFO - [2026-04-30T20:36:59.381+0000] {dag.py:4180} INFO - Setting next_dagrun for etl_pipeline to 2026-04-30 00:00:00+00:00, run_after=2026-05-01 00:00:00+00:00
[2026-04-30T20:36:59.425+0000] {processor.py:208} INFO - Processing /opt/airflow/dags/etl-dag.py took 3.440 seconds
[2026-04-30T20:37:30.615+0000] {processor.py:186} INFO - Started process (PID=542) to work on /opt/airflow/dags/etl-dag.py
[2026-04-30T20:37:30.635+0000] {processor.py:914} INFO - Processing file /opt/airflow/dags/etl-dag.py for tasks to queue
[2026-04-30T20:37:30.660+0000] {logging_mixin.py:190} INFO - [2026-04-30T20:37:30.659+0000] {dagbag.py:588} INFO - Filling up the DagBag from /opt/airflow/dags/etl-dag.py
[2026-04-30T20:37:33.572+0000] {processor.py:925} INFO - DAG(s) 'etl_pipeline' retrieved from /opt/airflow/dags/etl-dag.py
[2026-04-30T20:37:33.679+0000] {logging_mixin.py:190} INFO - [2026-04-30T20:37:33.673+0000] {dag.py:3239} INFO - Sync 1 DAGs
[2026-04-30T20:37:33.708+0000] {logging_mixin.py:190} INFO - [2026-04-30T20:37:33.708+0000] {dag.py:4180} INFO - Setting next_dagrun for etl_pipeline to 2026-04-30 00:00:00+00:00, run_after=2026-05-01 00:00:00+00:00
[2026-04-30T20:37:33.738+0000] {processor.py:208} INFO - Processing /opt/airflow/dags/etl-dag.py took 3.143 seconds
[2026-04-30T20:39:31.403+0000] {processor.py:186} INFO - Started process (PID=208) to work on /opt/airflow/dags/etl-dag.py
[2026-04-30T20:39:31.407+0000] {processor.py:914} INFO - Processing file /opt/airflow/dags/etl-dag.py for tasks to queue
[2026-04-30T20:39:31.413+0000] {logging_mixin.py:190} INFO - [2026-04-30T20:39:31.412+0000] {dagbag.py:588} INFO - Filling up the DagBag from /opt/airflow/dags/etl-dag.py
[2026-04-30T20:39:37.303+0000] {processor.py:925} INFO - DAG(s) 'etl_pipeline' retrieved from /opt/airflow/dags/etl-dag.py
[2026-04-30T20:39:37.436+0000] {logging_mixin.py:190} INFO - [2026-04-30T20:39:37.435+0000] {dag.py:3239} INFO - Sync 1 DAGs
[2026-04-30T20:39:37.485+0000] {logging_mixin.py:190} INFO - [2026-04-30T20:39:37.485+0000] {dag.py:4180} INFO - Setting next_dagrun for etl_pipeline to 2026-04-30 00:00:00+00:00, run_after=2026-05-01 00:00:00+00:00
[2026-04-30T20:39:37.526+0000] {processor.py:208} INFO - Processing /opt/airflow/dags/etl-dag.py took 6.145 seconds
[2026-04-30T20:40:08.078+0000] {processor.py:186} INFO - Started process (PID=221) to work on /opt/airflow/dags/etl-dag.py
[2026-04-30T20:40:08.081+0000] {processor.py:914} INFO - Processing file /opt/airflow/dags/etl-dag.py for tasks to queue
[2026-04-30T20:40:08.093+0000] {logging_mixin.py:190} INFO - [2026-04-30T20:40:08.090+0000] {dagbag.py:588} INFO - Filling up the DagBag from /opt/airflow/dags/etl-dag.py
[2026-04-30T20:40:12.598+0000] {processor.py:925} INFO - DAG(s) 'etl_pipeline' retrieved from /opt/airflow/dags/etl-dag.py
[2026-04-30T20:40:12.691+0000] {logging_mixin.py:190} INFO - [2026-04-30T20:40:12.691+0000] {dag.py:3239} INFO - Sync 1 DAGs
[2026-04-30T20:40:12.747+0000] {logging_mixin.py:190} INFO - [2026-04-30T20:40:12.747+0000] {dag.py:4180} INFO - Setting next_dagrun for etl_pipeline to 2026-04-30 00:00:00+00:00, run_after=2026-05-01 00:00:00+00:00
[2026-04-30T20:40:12.802+0000] {processor.py:208} INFO - Processing /opt/airflow/dags/etl-dag.py took 4.743 seconds
[2026-04-30T20:40:43.565+0000] {processor.py:186} INFO - Started process (PID=234) to work on /opt/airflow/dags/etl-dag.py
[2026-04-30T20:40:43.566+0000] {processor.py:914} INFO - Processing file /opt/airflow/dags/etl-dag.py for tasks to queue
[2026-04-30T20:40:43.571+0000] {logging_mixin.py:190} INFO - [2026-04-30T20:40:43.570+0000] {dagbag.py:588} INFO - Filling up the DagBag from /opt/airflow/dags/etl-dag.py
[2026-04-30T20:40:46.493+0000] {processor.py:925} INFO - DAG(s) 'etl_pipeline' retrieved from /opt/airflow/dags/etl-dag.py
[2026-04-30T20:40:46.539+0000] {logging_mixin.py:190} INFO - [2026-04-30T20:40:46.539+0000] {dag.py:3239} INFO - Sync 1 DAGs
[2026-04-30T20:40:46.590+0000] {logging_mixin.py:190} INFO - [2026-04-30T20:40:46.590+0000] {dag.py:4180} INFO - Setting next_dagrun for etl_pipeline to 2026-04-30 00:00:00+00:00, run_after=2026-05-01 00:00:00+00:00
[2026-04-30T20:40:46.680+0000] {processor.py:208} INFO - Processing /opt/airflow/dags/etl-dag.py took 3.128 seconds
[2026-04-30T20:41:17.326+0000] {processor.py:186} INFO - Started process (PID=248) to work on /opt/airflow/dags/etl-dag.py
[2026-04-30T20:41:17.331+0000] {processor.py:914} INFO - Processing file /opt/airflow/dags/etl-dag.py for tasks to queue
[2026-04-30T20:41:17.366+0000] {logging_mixin.py:190} INFO - [2026-04-30T20:41:17.361+0000] {dagbag.py:588} INFO - Filling up the DagBag from /opt/airflow/dags/etl-dag.py
[2026-04-30T20:41:20.558+0000] {processor.py:925} INFO - DAG(s) 'etl_pipeline' retrieved from /opt/airflow/dags/etl-dag.py
[2026-04-30T20:41:20.660+0000] {logging_mixin.py:190} INFO - [2026-04-30T20:41:20.659+0000] {dag.py:3239} INFO - Sync 1 DAGs
[2026-04-30T20:41:20.710+0000] {logging_mixin.py:190} INFO - [2026-04-30T20:41:20.710+0000] {dag.py:4180} INFO - Setting next_dagrun for etl_pipeline to 2026-04-30 00:00:00+00:00, run_after=2026-05-01 00:00:00+00:00
[2026-04-30T20:41:20.757+0000] {processor.py:208} INFO - Processing /opt/airflow/dags/etl-dag.py took 3.529 seconds
[2026-04-30T20:41:51.316+0000] {processor.py:186} INFO - Started process (PID=311) to work on /opt/airflow/dags/etl-dag.py
[2026-04-30T20:41:51.320+0000] {processor.py:914} INFO - Processing file /opt/airflow/dags/etl-dag.py for tasks to queue
[2026-04-30T20:41:51.330+0000] {logging_mixin.py:190} INFO - [2026-04-30T20:41:51.329+0000] {dagbag.py:588} INFO - Filling up the DagBag from /opt/airflow/dags/etl-dag.py
[2026-04-30T20:41:55.091+0000] {processor.py:925} INFO - DAG(s) 'etl_pipeline' retrieved from /opt/airflow/dags/etl-dag.py
[2026-04-30T20:41:55.155+0000] {logging_mixin.py:190} INFO - [2026-04-30T20:41:55.154+0000] {dag.py:3239} INFO - Sync 1 DAGs
[2026-04-30T20:41:55.201+0000] {logging_mixin.py:190} INFO - [2026-04-30T20:41:55.200+0000] {dag.py:4180} INFO - Setting next_dagrun for etl_pipeline to 2026-04-30 00:00:00+00:00, run_after=2026-05-01 00:00:00+00:00
[2026-04-30T20:41:55.274+0000] {processor.py:208} INFO - Processing /opt/airflow/dags/etl-dag.py took 3.988 seconds
[2026-04-30T20:42:25.979+0000] {processor.py:186} INFO - Started process (PID=336) to work on /opt/airflow/dags/etl-dag.py
[2026-04-30T20:42:25.986+0000] {processor.py:914} INFO - Processing file /opt/airflow/dags/etl-dag.py for tasks to queue
[2026-04-30T20:42:25.994+0000] {logging_mixin.py:190} INFO - [2026-04-30T20:42:25.993+0000] {dagbag.py:588} INFO - Filling up the DagBag from /opt/airflow/dags/etl-dag.py
[2026-04-30T20:42:28.656+0000] {processor.py:925} INFO - DAG(s) 'etl_pipeline' retrieved from /opt/airflow/dags/etl-dag.py
[2026-04-30T20:42:28.742+0000] {logging_mixin.py:190} INFO - [2026-04-30T20:42:28.741+0000] {dag.py:3239} INFO - Sync 1 DAGs
[2026-04-30T20:42:28.991+0000] {logging_mixin.py:190} INFO - [2026-04-30T20:42:28.991+0000] {dag.py:4180} INFO - Setting next_dagrun for etl_pipeline to 2026-04-30 00:00:00+00:00, run_after=2026-05-01 00:00:00+00:00
[2026-04-30T20:42:29.196+0000] {processor.py:208} INFO - Processing /opt/airflow/dags/etl-dag.py took 3.233 seconds
