[2026-04-29T20:50:51.364+0000] {local_task_job_runner.py:123} INFO - ::group::Pre task execution logs
[2026-04-29T20:50:51.379+0000] {taskinstance.py:2613} INFO - Dependencies all met for dep_context=non-requeueable deps ti=<TaskInstance: etl_pipeline.load manual__2026-04-29T20:50:36.601264+00:00 [queued]>
[2026-04-29T20:50:51.385+0000] {taskinstance.py:2613} INFO - Dependencies all met for dep_context=requeueable deps ti=<TaskInstance: etl_pipeline.load manual__2026-04-29T20:50:36.601264+00:00 [queued]>
[2026-04-29T20:50:51.386+0000] {taskinstance.py:2866} INFO - Starting attempt 1 of 1
[2026-04-29T20:50:51.395+0000] {taskinstance.py:2889} INFO - Executing <Task(PythonOperator): load> on 2026-04-29 20:50:36.601264+00:00
[2026-04-29T20:50:51.403+0000] {standard_task_runner.py:104} INFO - Running: ['***', 'tasks', 'run', 'etl_pipeline', 'load', 'manual__2026-04-29T20:50:36.601264+00:00', '--job-id', '28', '--raw', '--subdir', 'DAGS_FOLDER/etl-dag.py', '--cfg-path', '/tmp/tmpjwpmc8pq']
[2026-04-29T20:50:51.405+0000] {logging_mixin.py:190} WARNING - /home/***/.local/lib/python3.12/site-packages/***/task/task_runner/standard_task_runner.py:70 DeprecationWarning: This process (pid=319) is multi-threaded, use of fork() may lead to deadlocks in the child.
[2026-04-29T20:50:51.405+0000] {standard_task_runner.py:105} INFO - Job 28: Subtask load
[2026-04-29T20:50:51.406+0000] {standard_task_runner.py:72} INFO - Started process 337 to run task
[2026-04-29T20:50:51.467+0000] {task_command.py:467} INFO - Running <TaskInstance: etl_pipeline.load manual__2026-04-29T20:50:36.601264+00:00 [running]> on host ee35a88210b0
[2026-04-29T20:50:51.524+0000] {taskinstance.py:3132} INFO - Exporting env vars: AIRFLOW_CTX_DAG_OWNER='***' AIRFLOW_CTX_DAG_ID='etl_pipeline' AIRFLOW_CTX_TASK_ID='load' AIRFLOW_CTX_EXECUTION_DATE='2026-04-29T20:50:36.601264+00:00' AIRFLOW_CTX_TRY_NUMBER='1' AIRFLOW_CTX_DAG_RUN_ID='manual__2026-04-29T20:50:36.601264+00:00'
[2026-04-29T20:50:51.526+0000] {taskinstance.py:731} INFO - ::endgroup::
[2026-04-29T20:50:51.577+0000] {connection.py:414} INFO - Snowflake Connector for Python Version: 3.12.4, Python Version: 3.12.8, Platform: Linux-6.6.87.2-microsoft-standard-WSL2-x86_64-with-glibc2.36
[2026-04-29T20:50:51.579+0000] {connection.py:1197} INFO - Connecting to GLOBAL Snowflake domain
[2026-04-29T20:50:51.580+0000] {connection.py:1278} INFO - This connection is in OCSP Fail Open Mode. TLS Certificates would be checked for validity and revocation status. Any other Certificate Revocation related exceptions or OCSP Responder failures would be disregarded in favor of connectivity.
[2026-04-29T20:50:55.817+0000] {cursor.py:1166} INFO - Number of results in first chunk: 1
[2026-04-29T20:50:57.517+0000] {cursor.py:1166} INFO - Number of results in first chunk: 1
[2026-04-29T20:50:58.354+0000] {cursor.py:1166} INFO - Number of results in first chunk: 1
[2026-04-29T20:50:58.727+0000] {cursor.py:1166} INFO - Number of results in first chunk: 1
[2026-04-29T20:50:58.951+0000] {cursor.py:1166} INFO - Number of results in first chunk: 1
[2026-04-29T20:51:03.240+0000] {cursor.py:1166} INFO - Number of results in first chunk: 1
[2026-04-29T20:51:03.452+0000] {cursor.py:1166} INFO - Number of results in first chunk: 1
[2026-04-29T20:51:05.208+0000] {cursor.py:1166} INFO - Number of results in first chunk: 1
[2026-04-29T20:51:05.378+0000] {cursor.py:1166} INFO - Number of results in first chunk: 1
[2026-04-29T20:51:06.865+0000] {cursor.py:1166} INFO - Number of results in first chunk: 1
[2026-04-29T20:51:07.058+0000] {cursor.py:1166} INFO - Number of results in first chunk: 1
[2026-04-29T20:51:09.136+0000] {cursor.py:1166} INFO - Number of results in first chunk: 1
[2026-04-29T20:51:09.137+0000] {connection.py:789} INFO - closed
[2026-04-29T20:51:09.244+0000] {connection.py:795} INFO - No async queries seem to be running, deleting session
[2026-04-29T20:51:09.351+0000] {logging_mixin.py:190} INFO - loaded to snowflake successfully
[2026-04-29T20:51:09.352+0000] {python.py:240} INFO - Done. Returned value was: None
[2026-04-29T20:51:09.360+0000] {taskinstance.py:340} INFO - ::group::Post task execution logs
[2026-04-29T20:51:09.361+0000] {taskinstance.py:352} INFO - Marking task as SUCCESS. dag_id=etl_pipeline, task_id=load, run_id=manual__2026-04-29T20:50:36.601264+00:00, execution_date=20260429T205036, start_date=20260429T205051, end_date=20260429T205109
[2026-04-29T20:51:09.408+0000] {local_task_job_runner.py:266} INFO - Task exited with return code 0
[2026-04-29T20:51:09.416+0000] {local_task_job_runner.py:245} INFO - ::endgroup::
