[2026-04-30T20:41:44.363+0000] {local_task_job_runner.py:123} INFO - ::group::Pre task execution logs
[2026-04-30T20:41:44.388+0000] {taskinstance.py:2613} INFO - Dependencies all met for dep_context=non-requeueable deps ti=<TaskInstance: etl_pipeline.load manual__2026-04-30T20:41:12.016411+00:00 [queued]>
[2026-04-30T20:41:44.399+0000] {taskinstance.py:2613} INFO - Dependencies all met for dep_context=requeueable deps ti=<TaskInstance: etl_pipeline.load manual__2026-04-30T20:41:12.016411+00:00 [queued]>
[2026-04-30T20:41:44.401+0000] {taskinstance.py:2866} INFO - Starting attempt 1 of 1
[2026-04-30T20:41:44.418+0000] {taskinstance.py:2889} INFO - Executing <Task(PythonOperator): load> on 2026-04-30 20:41:12.016411+00:00
[2026-04-30T20:41:44.437+0000] {standard_task_runner.py:104} INFO - Running: ['***', 'tasks', 'run', 'etl_pipeline', 'load', 'manual__2026-04-30T20:41:12.016411+00:00', '--job-id', '42', '--raw', '--subdir', 'DAGS_FOLDER/etl-dag.py', '--cfg-path', '/tmp/tmpqjsrrpum']
[2026-04-30T20:41:44.446+0000] {standard_task_runner.py:105} INFO - Job 42: Subtask load
[2026-04-30T20:41:44.453+0000] {logging_mixin.py:190} WARNING - /home/***/.local/lib/python3.12/site-packages/***/task/task_runner/standard_task_runner.py:70 DeprecationWarning: This process (pid=294) is multi-threaded, use of fork() may lead to deadlocks in the child.
[2026-04-30T20:41:44.458+0000] {standard_task_runner.py:72} INFO - Started process 309 to run task
[2026-04-30T20:41:44.545+0000] {task_command.py:467} INFO - Running <TaskInstance: etl_pipeline.load manual__2026-04-30T20:41:12.016411+00:00 [running]> on host 92c82fddfdc8
[2026-04-30T20:41:44.681+0000] {taskinstance.py:3132} INFO - Exporting env vars: AIRFLOW_CTX_DAG_OWNER='***' AIRFLOW_CTX_DAG_ID='etl_pipeline' AIRFLOW_CTX_TASK_ID='load' AIRFLOW_CTX_EXECUTION_DATE='2026-04-30T20:41:12.016411+00:00' AIRFLOW_CTX_TRY_NUMBER='1' AIRFLOW_CTX_DAG_RUN_ID='manual__2026-04-30T20:41:12.016411+00:00'
[2026-04-30T20:41:44.683+0000] {taskinstance.py:731} INFO - ::endgroup::
[2026-04-30T20:41:44.788+0000] {connection.py:414} INFO - Snowflake Connector for Python Version: 3.12.4, Python Version: 3.12.8, Platform: Linux-6.6.87.2-microsoft-standard-WSL2-x86_64-with-glibc2.36
[2026-04-30T20:41:44.790+0000] {connection.py:1197} INFO - Connecting to GLOBAL Snowflake domain
[2026-04-30T20:41:44.791+0000] {connection.py:1278} INFO - This connection is in OCSP Fail Open Mode. TLS Certificates would be checked for validity and revocation status. Any other Certificate Revocation related exceptions or OCSP Responder failures would be disregarded in favor of connectivity.
[2026-04-30T20:41:52.759+0000] {cursor.py:1166} INFO - Number of results in first chunk: 1
[2026-04-30T20:41:53.684+0000] {cursor.py:1166} INFO - Number of results in first chunk: 1
[2026-04-30T20:41:54.200+0000] {cursor.py:1166} INFO - Number of results in first chunk: 1
[2026-04-30T20:41:55.010+0000] {cursor.py:1166} INFO - Number of results in first chunk: 1
[2026-04-30T20:41:55.221+0000] {cursor.py:1166} INFO - Number of results in first chunk: 1
[2026-04-30T20:42:02.699+0000] {cursor.py:1166} INFO - Number of results in first chunk: 1
[2026-04-30T20:42:03.024+0000] {cursor.py:1166} INFO - Number of results in first chunk: 1
[2026-04-30T20:42:05.774+0000] {cursor.py:1166} INFO - Number of results in first chunk: 1
[2026-04-30T20:42:06.040+0000] {cursor.py:1166} INFO - Number of results in first chunk: 1
[2026-04-30T20:42:07.601+0000] {cursor.py:1166} INFO - Number of results in first chunk: 1
[2026-04-30T20:42:07.773+0000] {cursor.py:1166} INFO - Number of results in first chunk: 1
[2026-04-30T20:42:11.412+0000] {cursor.py:1166} INFO - Number of results in first chunk: 1
[2026-04-30T20:42:11.414+0000] {connection.py:789} INFO - closed
[2026-04-30T20:42:11.528+0000] {connection.py:795} INFO - No async queries seem to be running, deleting session
[2026-04-30T20:42:11.658+0000] {logging_mixin.py:190} INFO - loaded to snowflake successfully
[2026-04-30T20:42:11.661+0000] {python.py:240} INFO - Done. Returned value was: None
[2026-04-30T20:42:11.682+0000] {taskinstance.py:340} INFO - ::group::Post task execution logs
[2026-04-30T20:42:11.686+0000] {taskinstance.py:352} INFO - Marking task as SUCCESS. dag_id=etl_pipeline, task_id=load, run_id=manual__2026-04-30T20:41:12.016411+00:00, execution_date=20260430T204112, start_date=20260430T204144, end_date=20260430T204211
[2026-04-30T20:42:11.792+0000] {local_task_job_runner.py:266} INFO - Task exited with return code 0
[2026-04-30T20:42:11.815+0000] {taskinstance.py:3895} INFO - 0 downstream tasks scheduled from follow-on schedule check
[2026-04-30T20:42:11.827+0000] {local_task_job_runner.py:245} INFO - ::endgroup::
