[2026-05-05T20:42:59.475+0000] {processor.py:186} INFO - Started process (PID=194) to work on /opt/airflow/dags/etl-dag.py
[2026-05-05T20:42:59.477+0000] {processor.py:914} INFO - Processing file /opt/airflow/dags/etl-dag.py for tasks to queue
[2026-05-05T20:42:59.479+0000] {logging_mixin.py:190} INFO - [2026-05-05T20:42:59.479+0000] {dagbag.py:588} INFO - Filling up the DagBag from /opt/airflow/dags/etl-dag.py
[2026-05-05T20:43:02.316+0000] {processor.py:925} INFO - DAG(s) 'etl_pipeline' retrieved from /opt/airflow/dags/etl-dag.py
[2026-05-05T20:43:02.370+0000] {logging_mixin.py:190} INFO - [2026-05-05T20:43:02.365+0000] {dag.py:3239} INFO - Sync 1 DAGs
[2026-05-05T20:43:02.423+0000] {logging_mixin.py:190} INFO - [2026-05-05T20:43:02.422+0000] {dag.py:4180} INFO - Setting next_dagrun for etl_pipeline to 2026-05-04 00:00:00+00:00, run_after=2026-05-05 00:00:00+00:00
[2026-05-05T20:43:02.465+0000] {processor.py:208} INFO - Processing /opt/airflow/dags/etl-dag.py took 3.002 seconds
[2026-05-05T20:43:33.125+0000] {processor.py:186} INFO - Started process (PID=213) to work on /opt/airflow/dags/etl-dag.py
[2026-05-05T20:43:33.130+0000] {processor.py:914} INFO - Processing file /opt/airflow/dags/etl-dag.py for tasks to queue
[2026-05-05T20:43:33.143+0000] {logging_mixin.py:190} INFO - [2026-05-05T20:43:33.140+0000] {dagbag.py:588} INFO - Filling up the DagBag from /opt/airflow/dags/etl-dag.py
[2026-05-05T20:43:34.714+0000] {processor.py:925} INFO - DAG(s) 'etl_pipeline' retrieved from /opt/airflow/dags/etl-dag.py
[2026-05-05T20:43:34.752+0000] {logging_mixin.py:190} INFO - [2026-05-05T20:43:34.751+0000] {dag.py:3239} INFO - Sync 1 DAGs
[2026-05-05T20:43:34.788+0000] {logging_mixin.py:190} INFO - [2026-05-05T20:43:34.787+0000] {dag.py:4180} INFO - Setting next_dagrun for etl_pipeline to 2026-05-04 00:00:00+00:00, run_after=2026-05-05 00:00:00+00:00
[2026-05-05T20:43:34.825+0000] {processor.py:208} INFO - Processing /opt/airflow/dags/etl-dag.py took 1.720 seconds
[2026-05-05T20:44:05.399+0000] {processor.py:186} INFO - Started process (PID=226) to work on /opt/airflow/dags/etl-dag.py
[2026-05-05T20:44:05.401+0000] {processor.py:914} INFO - Processing file /opt/airflow/dags/etl-dag.py for tasks to queue
[2026-05-05T20:44:05.405+0000] {logging_mixin.py:190} INFO - [2026-05-05T20:44:05.405+0000] {dagbag.py:588} INFO - Filling up the DagBag from /opt/airflow/dags/etl-dag.py
[2026-05-05T20:44:06.675+0000] {processor.py:925} INFO - DAG(s) 'etl_pipeline' retrieved from /opt/airflow/dags/etl-dag.py
[2026-05-05T20:44:06.748+0000] {logging_mixin.py:190} INFO - [2026-05-05T20:44:06.747+0000] {dag.py:3239} INFO - Sync 1 DAGs
[2026-05-05T20:44:06.823+0000] {logging_mixin.py:190} INFO - [2026-05-05T20:44:06.822+0000] {dag.py:4180} INFO - Setting next_dagrun for etl_pipeline to 2026-05-04 00:00:00+00:00, run_after=2026-05-05 00:00:00+00:00
[2026-05-05T20:44:06.867+0000] {processor.py:208} INFO - Processing /opt/airflow/dags/etl-dag.py took 1.478 seconds
[2026-05-05T20:44:37.053+0000] {processor.py:186} INFO - Started process (PID=239) to work on /opt/airflow/dags/etl-dag.py
[2026-05-05T20:44:37.055+0000] {processor.py:914} INFO - Processing file /opt/airflow/dags/etl-dag.py for tasks to queue
[2026-05-05T20:44:37.059+0000] {logging_mixin.py:190} INFO - [2026-05-05T20:44:37.059+0000] {dagbag.py:588} INFO - Filling up the DagBag from /opt/airflow/dags/etl-dag.py
[2026-05-05T20:44:38.306+0000] {processor.py:925} INFO - DAG(s) 'etl_pipeline' retrieved from /opt/airflow/dags/etl-dag.py
[2026-05-05T20:44:38.355+0000] {logging_mixin.py:190} INFO - [2026-05-05T20:44:38.354+0000] {dag.py:3239} INFO - Sync 1 DAGs
[2026-05-05T20:44:38.399+0000] {logging_mixin.py:190} INFO - [2026-05-05T20:44:38.395+0000] {dag.py:4180} INFO - Setting next_dagrun for etl_pipeline to 2026-05-04 00:00:00+00:00, run_after=2026-05-05 00:00:00+00:00
[2026-05-05T20:44:38.434+0000] {processor.py:208} INFO - Processing /opt/airflow/dags/etl-dag.py took 1.398 seconds
[2026-05-05T20:45:09.099+0000] {processor.py:186} INFO - Started process (PID=252) to work on /opt/airflow/dags/etl-dag.py
[2026-05-05T20:45:09.102+0000] {processor.py:914} INFO - Processing file /opt/airflow/dags/etl-dag.py for tasks to queue
[2026-05-05T20:45:09.109+0000] {logging_mixin.py:190} INFO - [2026-05-05T20:45:09.106+0000] {dagbag.py:588} INFO - Filling up the DagBag from /opt/airflow/dags/etl-dag.py
[2026-05-05T20:45:12.426+0000] {processor.py:925} INFO - DAG(s) 'etl_pipeline' retrieved from /opt/airflow/dags/etl-dag.py
[2026-05-05T20:45:12.539+0000] {logging_mixin.py:190} INFO - [2026-05-05T20:45:12.538+0000] {dag.py:3239} INFO - Sync 1 DAGs
[2026-05-05T20:45:12.576+0000] {logging_mixin.py:190} INFO - [2026-05-05T20:45:12.576+0000] {dag.py:4180} INFO - Setting next_dagrun for etl_pipeline to 2026-05-04 00:00:00+00:00, run_after=2026-05-05 00:00:00+00:00
[2026-05-05T20:45:12.607+0000] {processor.py:208} INFO - Processing /opt/airflow/dags/etl-dag.py took 3.527 seconds
[2026-05-05T20:45:43.065+0000] {processor.py:186} INFO - Started process (PID=265) to work on /opt/airflow/dags/etl-dag.py
[2026-05-05T20:45:43.069+0000] {processor.py:914} INFO - Processing file /opt/airflow/dags/etl-dag.py for tasks to queue
[2026-05-05T20:45:43.074+0000] {logging_mixin.py:190} INFO - [2026-05-05T20:45:43.073+0000] {dagbag.py:588} INFO - Filling up the DagBag from /opt/airflow/dags/etl-dag.py
[2026-05-05T20:45:44.293+0000] {processor.py:925} INFO - DAG(s) 'etl_pipeline' retrieved from /opt/airflow/dags/etl-dag.py
[2026-05-05T20:45:44.330+0000] {logging_mixin.py:190} INFO - [2026-05-05T20:45:44.330+0000] {dag.py:3239} INFO - Sync 1 DAGs
[2026-05-05T20:45:44.364+0000] {logging_mixin.py:190} INFO - [2026-05-05T20:45:44.364+0000] {dag.py:4180} INFO - Setting next_dagrun for etl_pipeline to 2026-05-04 00:00:00+00:00, run_after=2026-05-05 00:00:00+00:00
[2026-05-05T20:45:44.392+0000] {processor.py:208} INFO - Processing /opt/airflow/dags/etl-dag.py took 1.345 seconds
[2026-05-05T20:46:14.748+0000] {processor.py:186} INFO - Started process (PID=278) to work on /opt/airflow/dags/etl-dag.py
[2026-05-05T20:46:14.750+0000] {processor.py:914} INFO - Processing file /opt/airflow/dags/etl-dag.py for tasks to queue
[2026-05-05T20:46:14.754+0000] {logging_mixin.py:190} INFO - [2026-05-05T20:46:14.754+0000] {dagbag.py:588} INFO - Filling up the DagBag from /opt/airflow/dags/etl-dag.py
[2026-05-05T20:46:16.081+0000] {processor.py:925} INFO - DAG(s) 'etl_pipeline' retrieved from /opt/airflow/dags/etl-dag.py
[2026-05-05T20:46:16.130+0000] {logging_mixin.py:190} INFO - [2026-05-05T20:46:16.130+0000] {dag.py:3239} INFO - Sync 1 DAGs
[2026-05-05T20:46:16.175+0000] {logging_mixin.py:190} INFO - [2026-05-05T20:46:16.175+0000] {dag.py:4180} INFO - Setting next_dagrun for etl_pipeline to 2026-05-04 00:00:00+00:00, run_after=2026-05-05 00:00:00+00:00
[2026-05-05T20:46:16.206+0000] {processor.py:208} INFO - Processing /opt/airflow/dags/etl-dag.py took 1.467 seconds
[2026-05-05T20:46:46.299+0000] {processor.py:186} INFO - Started process (PID=291) to work on /opt/airflow/dags/etl-dag.py
[2026-05-05T20:46:46.300+0000] {processor.py:914} INFO - Processing file /opt/airflow/dags/etl-dag.py for tasks to queue
[2026-05-05T20:46:46.303+0000] {logging_mixin.py:190} INFO - [2026-05-05T20:46:46.303+0000] {dagbag.py:588} INFO - Filling up the DagBag from /opt/airflow/dags/etl-dag.py
[2026-05-05T20:46:47.468+0000] {processor.py:925} INFO - DAG(s) 'etl_pipeline' retrieved from /opt/airflow/dags/etl-dag.py
[2026-05-05T20:46:47.510+0000] {logging_mixin.py:190} INFO - [2026-05-05T20:46:47.509+0000] {dag.py:3239} INFO - Sync 1 DAGs
[2026-05-05T20:46:47.544+0000] {logging_mixin.py:190} INFO - [2026-05-05T20:46:47.543+0000] {dag.py:4180} INFO - Setting next_dagrun for etl_pipeline to 2026-05-04 00:00:00+00:00, run_after=2026-05-05 00:00:00+00:00
[2026-05-05T20:46:47.576+0000] {processor.py:208} INFO - Processing /opt/airflow/dags/etl-dag.py took 1.287 seconds
[2026-05-05T20:47:18.028+0000] {processor.py:186} INFO - Started process (PID=304) to work on /opt/airflow/dags/etl-dag.py
[2026-05-05T20:47:18.030+0000] {processor.py:914} INFO - Processing file /opt/airflow/dags/etl-dag.py for tasks to queue
[2026-05-05T20:47:18.034+0000] {logging_mixin.py:190} INFO - [2026-05-05T20:47:18.034+0000] {dagbag.py:588} INFO - Filling up the DagBag from /opt/airflow/dags/etl-dag.py
[2026-05-05T20:47:19.130+0000] {processor.py:925} INFO - DAG(s) 'etl_pipeline' retrieved from /opt/airflow/dags/etl-dag.py
[2026-05-05T20:47:19.165+0000] {logging_mixin.py:190} INFO - [2026-05-05T20:47:19.164+0000] {dag.py:3239} INFO - Sync 1 DAGs
[2026-05-05T20:47:19.196+0000] {logging_mixin.py:190} INFO - [2026-05-05T20:47:19.196+0000] {dag.py:4180} INFO - Setting next_dagrun for etl_pipeline to 2026-05-04 00:00:00+00:00, run_after=2026-05-05 00:00:00+00:00
[2026-05-05T20:47:19.228+0000] {processor.py:208} INFO - Processing /opt/airflow/dags/etl-dag.py took 1.210 seconds
[2026-05-05T20:47:49.496+0000] {processor.py:186} INFO - Started process (PID=317) to work on /opt/airflow/dags/etl-dag.py
[2026-05-05T20:47:49.500+0000] {processor.py:914} INFO - Processing file /opt/airflow/dags/etl-dag.py for tasks to queue
[2026-05-05T20:47:49.505+0000] {logging_mixin.py:190} INFO - [2026-05-05T20:47:49.504+0000] {dagbag.py:588} INFO - Filling up the DagBag from /opt/airflow/dags/etl-dag.py
[2026-05-05T20:47:50.536+0000] {processor.py:925} INFO - DAG(s) 'etl_pipeline' retrieved from /opt/airflow/dags/etl-dag.py
[2026-05-05T20:47:50.570+0000] {logging_mixin.py:190} INFO - [2026-05-05T20:47:50.570+0000] {dag.py:3239} INFO - Sync 1 DAGs
[2026-05-05T20:47:50.607+0000] {logging_mixin.py:190} INFO - [2026-05-05T20:47:50.606+0000] {dag.py:4180} INFO - Setting next_dagrun for etl_pipeline to 2026-05-04 00:00:00+00:00, run_after=2026-05-05 00:00:00+00:00
[2026-05-05T20:47:50.639+0000] {processor.py:208} INFO - Processing /opt/airflow/dags/etl-dag.py took 1.154 seconds
[2026-05-05T20:48:21.192+0000] {processor.py:186} INFO - Started process (PID=330) to work on /opt/airflow/dags/etl-dag.py
[2026-05-05T20:48:21.194+0000] {processor.py:914} INFO - Processing file /opt/airflow/dags/etl-dag.py for tasks to queue
[2026-05-05T20:48:21.199+0000] {logging_mixin.py:190} INFO - [2026-05-05T20:48:21.199+0000] {dagbag.py:588} INFO - Filling up the DagBag from /opt/airflow/dags/etl-dag.py
[2026-05-05T20:48:22.262+0000] {processor.py:925} INFO - DAG(s) 'etl_pipeline' retrieved from /opt/airflow/dags/etl-dag.py
[2026-05-05T20:48:22.303+0000] {logging_mixin.py:190} INFO - [2026-05-05T20:48:22.302+0000] {dag.py:3239} INFO - Sync 1 DAGs
[2026-05-05T20:48:22.334+0000] {logging_mixin.py:190} INFO - [2026-05-05T20:48:22.334+0000] {dag.py:4180} INFO - Setting next_dagrun for etl_pipeline to 2026-05-04 00:00:00+00:00, run_after=2026-05-05 00:00:00+00:00
[2026-05-05T20:48:22.363+0000] {processor.py:208} INFO - Processing /opt/airflow/dags/etl-dag.py took 1.180 seconds
[2026-05-05T20:48:52.619+0000] {processor.py:186} INFO - Started process (PID=343) to work on /opt/airflow/dags/etl-dag.py
[2026-05-05T20:48:52.621+0000] {processor.py:914} INFO - Processing file /opt/airflow/dags/etl-dag.py for tasks to queue
[2026-05-05T20:48:52.624+0000] {logging_mixin.py:190} INFO - [2026-05-05T20:48:52.624+0000] {dagbag.py:588} INFO - Filling up the DagBag from /opt/airflow/dags/etl-dag.py
[2026-05-05T20:48:53.853+0000] {processor.py:925} INFO - DAG(s) 'etl_pipeline' retrieved from /opt/airflow/dags/etl-dag.py
[2026-05-05T20:48:53.894+0000] {logging_mixin.py:190} INFO - [2026-05-05T20:48:53.893+0000] {dag.py:3239} INFO - Sync 1 DAGs
[2026-05-05T20:48:53.943+0000] {logging_mixin.py:190} INFO - [2026-05-05T20:48:53.943+0000] {dag.py:4180} INFO - Setting next_dagrun for etl_pipeline to 2026-05-04 00:00:00+00:00, run_after=2026-05-05 00:00:00+00:00
[2026-05-05T20:48:53.984+0000] {processor.py:208} INFO - Processing /opt/airflow/dags/etl-dag.py took 1.376 seconds
[2026-05-05T20:49:24.250+0000] {processor.py:186} INFO - Started process (PID=356) to work on /opt/airflow/dags/etl-dag.py
[2026-05-05T20:49:24.252+0000] {processor.py:914} INFO - Processing file /opt/airflow/dags/etl-dag.py for tasks to queue
[2026-05-05T20:49:24.256+0000] {logging_mixin.py:190} INFO - [2026-05-05T20:49:24.255+0000] {dagbag.py:588} INFO - Filling up the DagBag from /opt/airflow/dags/etl-dag.py
[2026-05-05T20:49:25.357+0000] {processor.py:925} INFO - DAG(s) 'etl_pipeline' retrieved from /opt/airflow/dags/etl-dag.py
[2026-05-05T20:49:25.393+0000] {logging_mixin.py:190} INFO - [2026-05-05T20:49:25.393+0000] {dag.py:3239} INFO - Sync 1 DAGs
[2026-05-05T20:49:25.424+0000] {logging_mixin.py:190} INFO - [2026-05-05T20:49:25.424+0000] {dag.py:4180} INFO - Setting next_dagrun for etl_pipeline to 2026-05-04 00:00:00+00:00, run_after=2026-05-05 00:00:00+00:00
[2026-05-05T20:49:25.449+0000] {processor.py:208} INFO - Processing /opt/airflow/dags/etl-dag.py took 1.212 seconds
[2026-05-05T20:49:55.816+0000] {processor.py:186} INFO - Started process (PID=369) to work on /opt/airflow/dags/etl-dag.py
[2026-05-05T20:49:55.818+0000] {processor.py:914} INFO - Processing file /opt/airflow/dags/etl-dag.py for tasks to queue
[2026-05-05T20:49:55.823+0000] {logging_mixin.py:190} INFO - [2026-05-05T20:49:55.822+0000] {dagbag.py:588} INFO - Filling up the DagBag from /opt/airflow/dags/etl-dag.py
[2026-05-05T20:49:56.971+0000] {processor.py:925} INFO - DAG(s) 'etl_pipeline' retrieved from /opt/airflow/dags/etl-dag.py
[2026-05-05T20:49:57.039+0000] {logging_mixin.py:190} INFO - [2026-05-05T20:49:57.038+0000] {dag.py:3239} INFO - Sync 1 DAGs
[2026-05-05T20:49:57.104+0000] {logging_mixin.py:190} INFO - [2026-05-05T20:49:57.103+0000] {dag.py:4180} INFO - Setting next_dagrun for etl_pipeline to 2026-05-04 00:00:00+00:00, run_after=2026-05-05 00:00:00+00:00
[2026-05-05T20:49:57.154+0000] {processor.py:208} INFO - Processing /opt/airflow/dags/etl-dag.py took 1.348 seconds
[2026-05-05T20:50:27.262+0000] {processor.py:186} INFO - Started process (PID=383) to work on /opt/airflow/dags/etl-dag.py
[2026-05-05T20:50:27.264+0000] {processor.py:914} INFO - Processing file /opt/airflow/dags/etl-dag.py for tasks to queue
[2026-05-05T20:50:27.269+0000] {logging_mixin.py:190} INFO - [2026-05-05T20:50:27.268+0000] {dagbag.py:588} INFO - Filling up the DagBag from /opt/airflow/dags/etl-dag.py
[2026-05-05T20:50:28.435+0000] {processor.py:925} INFO - DAG(s) 'etl_pipeline' retrieved from /opt/airflow/dags/etl-dag.py
[2026-05-05T20:50:28.471+0000] {logging_mixin.py:190} INFO - [2026-05-05T20:50:28.470+0000] {dag.py:3239} INFO - Sync 1 DAGs
[2026-05-05T20:50:28.507+0000] {logging_mixin.py:190} INFO - [2026-05-05T20:50:28.506+0000] {dag.py:4180} INFO - Setting next_dagrun for etl_pipeline to 2026-05-04 00:00:00+00:00, run_after=2026-05-05 00:00:00+00:00
[2026-05-05T20:50:28.533+0000] {processor.py:208} INFO - Processing /opt/airflow/dags/etl-dag.py took 1.286 seconds
[2026-05-05T20:50:58.855+0000] {processor.py:186} INFO - Started process (PID=396) to work on /opt/airflow/dags/etl-dag.py
[2026-05-05T20:50:58.858+0000] {processor.py:914} INFO - Processing file /opt/airflow/dags/etl-dag.py for tasks to queue
[2026-05-05T20:50:58.863+0000] {logging_mixin.py:190} INFO - [2026-05-05T20:50:58.863+0000] {dagbag.py:588} INFO - Filling up the DagBag from /opt/airflow/dags/etl-dag.py
[2026-05-05T20:51:00.061+0000] {processor.py:925} INFO - DAG(s) 'etl_pipeline' retrieved from /opt/airflow/dags/etl-dag.py
[2026-05-05T20:51:00.107+0000] {logging_mixin.py:190} INFO - [2026-05-05T20:51:00.106+0000] {dag.py:3239} INFO - Sync 1 DAGs
[2026-05-05T20:51:00.141+0000] {logging_mixin.py:190} INFO - [2026-05-05T20:51:00.140+0000] {dag.py:4180} INFO - Setting next_dagrun for etl_pipeline to 2026-05-04 00:00:00+00:00, run_after=2026-05-05 00:00:00+00:00
[2026-05-05T20:51:00.186+0000] {processor.py:208} INFO - Processing /opt/airflow/dags/etl-dag.py took 1.343 seconds
[2026-05-05T20:51:30.439+0000] {processor.py:186} INFO - Started process (PID=409) to work on /opt/airflow/dags/etl-dag.py
[2026-05-05T20:51:30.441+0000] {processor.py:914} INFO - Processing file /opt/airflow/dags/etl-dag.py for tasks to queue
[2026-05-05T20:51:30.445+0000] {logging_mixin.py:190} INFO - [2026-05-05T20:51:30.445+0000] {dagbag.py:588} INFO - Filling up the DagBag from /opt/airflow/dags/etl-dag.py
[2026-05-05T20:51:31.480+0000] {processor.py:925} INFO - DAG(s) 'etl_pipeline' retrieved from /opt/airflow/dags/etl-dag.py
[2026-05-05T20:51:31.513+0000] {logging_mixin.py:190} INFO - [2026-05-05T20:51:31.513+0000] {dag.py:3239} INFO - Sync 1 DAGs
[2026-05-05T20:51:31.551+0000] {logging_mixin.py:190} INFO - [2026-05-05T20:51:31.550+0000] {dag.py:4180} INFO - Setting next_dagrun for etl_pipeline to 2026-05-04 00:00:00+00:00, run_after=2026-05-05 00:00:00+00:00
[2026-05-05T20:51:31.581+0000] {processor.py:208} INFO - Processing /opt/airflow/dags/etl-dag.py took 1.153 seconds
[2026-05-05T20:52:01.899+0000] {processor.py:186} INFO - Started process (PID=422) to work on /opt/airflow/dags/etl-dag.py
[2026-05-05T20:52:01.901+0000] {processor.py:914} INFO - Processing file /opt/airflow/dags/etl-dag.py for tasks to queue
[2026-05-05T20:52:01.906+0000] {logging_mixin.py:190} INFO - [2026-05-05T20:52:01.905+0000] {dagbag.py:588} INFO - Filling up the DagBag from /opt/airflow/dags/etl-dag.py
[2026-05-05T20:52:03.032+0000] {processor.py:925} INFO - DAG(s) 'etl_pipeline' retrieved from /opt/airflow/dags/etl-dag.py
[2026-05-05T20:52:03.070+0000] {logging_mixin.py:190} INFO - [2026-05-05T20:52:03.069+0000] {dag.py:3239} INFO - Sync 1 DAGs
[2026-05-05T20:52:03.098+0000] {logging_mixin.py:190} INFO - [2026-05-05T20:52:03.097+0000] {dag.py:4180} INFO - Setting next_dagrun for etl_pipeline to 2026-05-04 00:00:00+00:00, run_after=2026-05-05 00:00:00+00:00
[2026-05-05T20:52:03.132+0000] {processor.py:208} INFO - Processing /opt/airflow/dags/etl-dag.py took 1.244 seconds
[2026-05-05T20:52:33.548+0000] {processor.py:186} INFO - Started process (PID=435) to work on /opt/airflow/dags/etl-dag.py
[2026-05-05T20:52:33.550+0000] {processor.py:914} INFO - Processing file /opt/airflow/dags/etl-dag.py for tasks to queue
[2026-05-05T20:52:33.554+0000] {logging_mixin.py:190} INFO - [2026-05-05T20:52:33.554+0000] {dagbag.py:588} INFO - Filling up the DagBag from /opt/airflow/dags/etl-dag.py
[2026-05-05T20:52:34.655+0000] {processor.py:925} INFO - DAG(s) 'etl_pipeline' retrieved from /opt/airflow/dags/etl-dag.py
[2026-05-05T20:52:34.694+0000] {logging_mixin.py:190} INFO - [2026-05-05T20:52:34.693+0000] {dag.py:3239} INFO - Sync 1 DAGs
[2026-05-05T20:52:34.726+0000] {logging_mixin.py:190} INFO - [2026-05-05T20:52:34.725+0000] {dag.py:4180} INFO - Setting next_dagrun for etl_pipeline to 2026-05-04 00:00:00+00:00, run_after=2026-05-05 00:00:00+00:00
[2026-05-05T20:52:34.754+0000] {processor.py:208} INFO - Processing /opt/airflow/dags/etl-dag.py took 1.215 seconds
[2026-05-05T20:53:05.308+0000] {processor.py:186} INFO - Started process (PID=454) to work on /opt/airflow/dags/etl-dag.py
[2026-05-05T20:53:05.311+0000] {processor.py:914} INFO - Processing file /opt/airflow/dags/etl-dag.py for tasks to queue
[2026-05-05T20:53:05.315+0000] {logging_mixin.py:190} INFO - [2026-05-05T20:53:05.315+0000] {dagbag.py:588} INFO - Filling up the DagBag from /opt/airflow/dags/etl-dag.py
[2026-05-05T20:53:06.387+0000] {processor.py:925} INFO - DAG(s) 'etl_pipeline' retrieved from /opt/airflow/dags/etl-dag.py
[2026-05-05T20:53:06.427+0000] {logging_mixin.py:190} INFO - [2026-05-05T20:53:06.426+0000] {dag.py:3239} INFO - Sync 1 DAGs
[2026-05-05T20:53:06.465+0000] {logging_mixin.py:190} INFO - [2026-05-05T20:53:06.464+0000] {dag.py:4180} INFO - Setting next_dagrun for etl_pipeline to 2026-05-04 00:00:00+00:00, run_after=2026-05-05 00:00:00+00:00
[2026-05-05T20:53:06.496+0000] {processor.py:208} INFO - Processing /opt/airflow/dags/etl-dag.py took 1.197 seconds
[2026-05-05T20:53:36.860+0000] {processor.py:186} INFO - Started process (PID=467) to work on /opt/airflow/dags/etl-dag.py
[2026-05-05T20:53:36.862+0000] {processor.py:914} INFO - Processing file /opt/airflow/dags/etl-dag.py for tasks to queue
[2026-05-05T20:53:36.865+0000] {logging_mixin.py:190} INFO - [2026-05-05T20:53:36.865+0000] {dagbag.py:588} INFO - Filling up the DagBag from /opt/airflow/dags/etl-dag.py
[2026-05-05T20:53:37.993+0000] {processor.py:925} INFO - DAG(s) 'etl_pipeline' retrieved from /opt/airflow/dags/etl-dag.py
[2026-05-05T20:53:38.036+0000] {logging_mixin.py:190} INFO - [2026-05-05T20:53:38.035+0000] {dag.py:3239} INFO - Sync 1 DAGs
[2026-05-05T20:53:38.069+0000] {logging_mixin.py:190} INFO - [2026-05-05T20:53:38.068+0000] {dag.py:4180} INFO - Setting next_dagrun for etl_pipeline to 2026-05-04 00:00:00+00:00, run_after=2026-05-05 00:00:00+00:00
[2026-05-05T20:53:38.098+0000] {processor.py:208} INFO - Processing /opt/airflow/dags/etl-dag.py took 1.250 seconds
[2026-05-05T20:54:08.391+0000] {processor.py:186} INFO - Started process (PID=480) to work on /opt/airflow/dags/etl-dag.py
[2026-05-05T20:54:08.393+0000] {processor.py:914} INFO - Processing file /opt/airflow/dags/etl-dag.py for tasks to queue
[2026-05-05T20:54:08.398+0000] {logging_mixin.py:190} INFO - [2026-05-05T20:54:08.397+0000] {dagbag.py:588} INFO - Filling up the DagBag from /opt/airflow/dags/etl-dag.py
[2026-05-05T20:54:09.412+0000] {processor.py:925} INFO - DAG(s) 'etl_pipeline' retrieved from /opt/airflow/dags/etl-dag.py
[2026-05-05T20:54:09.443+0000] {logging_mixin.py:190} INFO - [2026-05-05T20:54:09.443+0000] {dag.py:3239} INFO - Sync 1 DAGs
[2026-05-05T20:54:09.517+0000] {logging_mixin.py:190} INFO - [2026-05-05T20:54:09.517+0000] {dag.py:4180} INFO - Setting next_dagrun for etl_pipeline to 2026-05-04 00:00:00+00:00, run_after=2026-05-05 00:00:00+00:00
[2026-05-05T20:54:09.562+0000] {processor.py:208} INFO - Processing /opt/airflow/dags/etl-dag.py took 1.181 seconds
[2026-05-05T20:54:39.976+0000] {processor.py:186} INFO - Started process (PID=493) to work on /opt/airflow/dags/etl-dag.py
[2026-05-05T20:54:39.978+0000] {processor.py:914} INFO - Processing file /opt/airflow/dags/etl-dag.py for tasks to queue
[2026-05-05T20:54:39.986+0000] {logging_mixin.py:190} INFO - [2026-05-05T20:54:39.985+0000] {dagbag.py:588} INFO - Filling up the DagBag from /opt/airflow/dags/etl-dag.py
[2026-05-05T20:54:41.245+0000] {processor.py:925} INFO - DAG(s) 'etl_pipeline' retrieved from /opt/airflow/dags/etl-dag.py
[2026-05-05T20:54:41.286+0000] {logging_mixin.py:190} INFO - [2026-05-05T20:54:41.285+0000] {dag.py:3239} INFO - Sync 1 DAGs
[2026-05-05T20:54:41.328+0000] {logging_mixin.py:190} INFO - [2026-05-05T20:54:41.328+0000] {dag.py:4180} INFO - Setting next_dagrun for etl_pipeline to 2026-05-04 00:00:00+00:00, run_after=2026-05-05 00:00:00+00:00
[2026-05-05T20:54:41.368+0000] {processor.py:208} INFO - Processing /opt/airflow/dags/etl-dag.py took 1.408 seconds
[2026-05-05T20:55:11.770+0000] {processor.py:186} INFO - Started process (PID=506) to work on /opt/airflow/dags/etl-dag.py
[2026-05-05T20:55:11.775+0000] {processor.py:914} INFO - Processing file /opt/airflow/dags/etl-dag.py for tasks to queue
[2026-05-05T20:55:11.779+0000] {logging_mixin.py:190} INFO - [2026-05-05T20:55:11.779+0000] {dagbag.py:588} INFO - Filling up the DagBag from /opt/airflow/dags/etl-dag.py
[2026-05-05T20:55:13.215+0000] {processor.py:925} INFO - DAG(s) 'etl_pipeline' retrieved from /opt/airflow/dags/etl-dag.py
[2026-05-05T20:55:13.254+0000] {logging_mixin.py:190} INFO - [2026-05-05T20:55:13.253+0000] {dag.py:3239} INFO - Sync 1 DAGs
[2026-05-05T20:55:13.295+0000] {logging_mixin.py:190} INFO - [2026-05-05T20:55:13.295+0000] {dag.py:4180} INFO - Setting next_dagrun for etl_pipeline to 2026-05-04 00:00:00+00:00, run_after=2026-05-05 00:00:00+00:00
[2026-05-05T20:55:13.337+0000] {processor.py:208} INFO - Processing /opt/airflow/dags/etl-dag.py took 1.578 seconds
[2026-05-05T20:55:44.016+0000] {processor.py:186} INFO - Started process (PID=519) to work on /opt/airflow/dags/etl-dag.py
[2026-05-05T20:55:44.022+0000] {processor.py:914} INFO - Processing file /opt/airflow/dags/etl-dag.py for tasks to queue
[2026-05-05T20:55:44.026+0000] {logging_mixin.py:190} INFO - [2026-05-05T20:55:44.025+0000] {dagbag.py:588} INFO - Filling up the DagBag from /opt/airflow/dags/etl-dag.py
[2026-05-05T20:55:45.268+0000] {processor.py:925} INFO - DAG(s) 'etl_pipeline' retrieved from /opt/airflow/dags/etl-dag.py
[2026-05-05T20:55:45.308+0000] {logging_mixin.py:190} INFO - [2026-05-05T20:55:45.307+0000] {dag.py:3239} INFO - Sync 1 DAGs
[2026-05-05T20:55:45.347+0000] {logging_mixin.py:190} INFO - [2026-05-05T20:55:45.347+0000] {dag.py:4180} INFO - Setting next_dagrun for etl_pipeline to 2026-05-04 00:00:00+00:00, run_after=2026-05-05 00:00:00+00:00
[2026-05-05T20:55:45.384+0000] {processor.py:208} INFO - Processing /opt/airflow/dags/etl-dag.py took 1.393 seconds
[2026-05-05T20:56:15.731+0000] {processor.py:186} INFO - Started process (PID=531) to work on /opt/airflow/dags/etl-dag.py
[2026-05-05T20:56:15.733+0000] {processor.py:914} INFO - Processing file /opt/airflow/dags/etl-dag.py for tasks to queue
[2026-05-05T20:56:15.739+0000] {logging_mixin.py:190} INFO - [2026-05-05T20:56:15.739+0000] {dagbag.py:588} INFO - Filling up the DagBag from /opt/airflow/dags/etl-dag.py
[2026-05-05T20:56:16.774+0000] {processor.py:925} INFO - DAG(s) 'etl_pipeline' retrieved from /opt/airflow/dags/etl-dag.py
[2026-05-05T20:56:16.806+0000] {logging_mixin.py:190} INFO - [2026-05-05T20:56:16.805+0000] {dag.py:3239} INFO - Sync 1 DAGs
[2026-05-05T20:56:16.833+0000] {logging_mixin.py:190} INFO - [2026-05-05T20:56:16.833+0000] {dag.py:4180} INFO - Setting next_dagrun for etl_pipeline to 2026-05-04 00:00:00+00:00, run_after=2026-05-05 00:00:00+00:00
[2026-05-05T20:56:16.863+0000] {processor.py:208} INFO - Processing /opt/airflow/dags/etl-dag.py took 1.139 seconds
[2026-05-05T20:56:47.776+0000] {processor.py:186} INFO - Started process (PID=544) to work on /opt/airflow/dags/etl-dag.py
[2026-05-05T20:56:47.781+0000] {processor.py:914} INFO - Processing file /opt/airflow/dags/etl-dag.py for tasks to queue
[2026-05-05T20:56:47.811+0000] {logging_mixin.py:190} INFO - [2026-05-05T20:56:47.804+0000] {dagbag.py:588} INFO - Filling up the DagBag from /opt/airflow/dags/etl-dag.py
[2026-05-05T20:57:19.279+0000] {logging_mixin.py:190} INFO - [2026-05-05T20:57:19.220+0000] {timeout.py:68} ERROR - Process timed out, PID: 544
[2026-05-05T20:57:19.348+0000] {logging_mixin.py:190} INFO - [2026-05-05T20:57:19.291+0000] {dagbag.py:387} ERROR - Failed to import: /opt/airflow/dags/etl-dag.py
Traceback (most recent call last):
  File "/home/airflow/.local/lib/python3.12/site-packages/airflow/models/dagbag.py", line 383, in parse
    loader.exec_module(new_module)
  File "<frozen importlib._bootstrap_external>", line 999, in exec_module
  File "<frozen importlib._bootstrap>", line 488, in _call_with_frames_removed
  File "/opt/airflow/dags/etl-dag.py", line 5, in <module>
    import pandas as pd
  File "/home/airflow/.local/lib/python3.12/site-packages/pandas/__init__.py", line 135, in <module>
    from pandas import api, arrays, errors, io, plotting, tseries
  File "/home/airflow/.local/lib/python3.12/site-packages/pandas/api/__init__.py", line 2, in <module>
    from pandas.api import (
  File "/home/airflow/.local/lib/python3.12/site-packages/pandas/api/typing/__init__.py", line 31, in <module>
    from pandas.io.json._json import JsonReader
  File "<frozen importlib._bootstrap>", line 1360, in _find_and_load
  File "<frozen importlib._bootstrap>", line 1322, in _find_and_load_unlocked
  File "<frozen importlib._bootstrap>", line 1262, in _find_spec
  File "<frozen importlib._bootstrap_external>", line 1532, in find_spec
  File "<frozen importlib._bootstrap_external>", line 1506, in _get_spec
  File "<frozen importlib._bootstrap_external>", line 1624, in find_spec
  File "/home/airflow/.local/lib/python3.12/site-packages/airflow/utils/timeout.py", line 69, in handle_timeout
    raise AirflowTaskTimeout(self.error_message)
airflow.exceptions.AirflowTaskTimeout: DagBag import timeout for /opt/airflow/dags/etl-dag.py after 30.0s.
Please take a look at these docs to improve your DAG import time:
* https://airflow.apache.org/docs/apache-airflow/2.10.4/best-practices.html#top-level-python-code
* https://airflow.apache.org/docs/apache-airflow/2.10.4/best-practices.html#reducing-dag-complexity, PID: 544
[2026-05-05T20:57:19.357+0000] {processor.py:927} WARNING - No viable dags retrieved from /opt/airflow/dags/etl-dag.py
[2026-05-05T20:57:19.749+0000] {processor.py:208} INFO - Processing /opt/airflow/dags/etl-dag.py took 32.160 seconds
[2026-05-05T20:57:50.668+0000] {processor.py:186} INFO - Started process (PID=562) to work on /opt/airflow/dags/etl-dag.py
[2026-05-05T20:57:50.675+0000] {processor.py:914} INFO - Processing file /opt/airflow/dags/etl-dag.py for tasks to queue
[2026-05-05T20:57:50.735+0000] {logging_mixin.py:190} INFO - [2026-05-05T20:57:50.721+0000] {dagbag.py:588} INFO - Filling up the DagBag from /opt/airflow/dags/etl-dag.py
[2026-05-05T20:57:55.259+0000] {processor.py:925} INFO - DAG(s) 'etl_pipeline' retrieved from /opt/airflow/dags/etl-dag.py
[2026-05-05T20:57:55.320+0000] {logging_mixin.py:190} INFO - [2026-05-05T20:57:55.320+0000] {dag.py:3239} INFO - Sync 1 DAGs
[2026-05-05T20:57:55.369+0000] {logging_mixin.py:190} INFO - [2026-05-05T20:57:55.368+0000] {dag.py:4180} INFO - Setting next_dagrun for etl_pipeline to 2026-05-04 00:00:00+00:00, run_after=2026-05-05 00:00:00+00:00
[2026-05-05T20:57:55.412+0000] {processor.py:208} INFO - Processing /opt/airflow/dags/etl-dag.py took 4.877 seconds
[2026-05-05T20:58:26.074+0000] {processor.py:186} INFO - Started process (PID=575) to work on /opt/airflow/dags/etl-dag.py
[2026-05-05T20:58:26.082+0000] {processor.py:914} INFO - Processing file /opt/airflow/dags/etl-dag.py for tasks to queue
[2026-05-05T20:58:26.086+0000] {logging_mixin.py:190} INFO - [2026-05-05T20:58:26.086+0000] {dagbag.py:588} INFO - Filling up the DagBag from /opt/airflow/dags/etl-dag.py
[2026-05-05T20:58:27.626+0000] {processor.py:925} INFO - DAG(s) 'etl_pipeline' retrieved from /opt/airflow/dags/etl-dag.py
[2026-05-05T20:58:27.661+0000] {logging_mixin.py:190} INFO - [2026-05-05T20:58:27.660+0000] {dag.py:3239} INFO - Sync 1 DAGs
[2026-05-05T20:58:27.700+0000] {logging_mixin.py:190} INFO - [2026-05-05T20:58:27.700+0000] {dag.py:4180} INFO - Setting next_dagrun for etl_pipeline to 2026-05-04 00:00:00+00:00, run_after=2026-05-05 00:00:00+00:00
[2026-05-05T20:58:27.744+0000] {processor.py:208} INFO - Processing /opt/airflow/dags/etl-dag.py took 1.689 seconds
[2026-05-05T20:58:58.446+0000] {processor.py:186} INFO - Started process (PID=588) to work on /opt/airflow/dags/etl-dag.py
[2026-05-05T20:58:58.458+0000] {processor.py:914} INFO - Processing file /opt/airflow/dags/etl-dag.py for tasks to queue
[2026-05-05T20:58:58.462+0000] {logging_mixin.py:190} INFO - [2026-05-05T20:58:58.462+0000] {dagbag.py:588} INFO - Filling up the DagBag from /opt/airflow/dags/etl-dag.py
[2026-05-05T20:59:00.371+0000] {processor.py:925} INFO - DAG(s) 'etl_pipeline' retrieved from /opt/airflow/dags/etl-dag.py
[2026-05-05T20:59:00.481+0000] {logging_mixin.py:190} INFO - [2026-05-05T20:59:00.480+0000] {dag.py:3239} INFO - Sync 1 DAGs
[2026-05-05T20:59:00.590+0000] {logging_mixin.py:190} INFO - [2026-05-05T20:59:00.590+0000] {dag.py:4180} INFO - Setting next_dagrun for etl_pipeline to 2026-05-04 00:00:00+00:00, run_after=2026-05-05 00:00:00+00:00
[2026-05-05T20:59:00.628+0000] {processor.py:208} INFO - Processing /opt/airflow/dags/etl-dag.py took 2.197 seconds
[2026-05-05T20:59:31.232+0000] {processor.py:186} INFO - Started process (PID=601) to work on /opt/airflow/dags/etl-dag.py
[2026-05-05T20:59:31.235+0000] {processor.py:914} INFO - Processing file /opt/airflow/dags/etl-dag.py for tasks to queue
[2026-05-05T20:59:31.243+0000] {logging_mixin.py:190} INFO - [2026-05-05T20:59:31.242+0000] {dagbag.py:588} INFO - Filling up the DagBag from /opt/airflow/dags/etl-dag.py
[2026-05-05T20:59:33.139+0000] {processor.py:925} INFO - DAG(s) 'etl_pipeline' retrieved from /opt/airflow/dags/etl-dag.py
[2026-05-05T20:59:33.176+0000] {logging_mixin.py:190} INFO - [2026-05-05T20:59:33.175+0000] {dag.py:3239} INFO - Sync 1 DAGs
[2026-05-05T20:59:33.212+0000] {logging_mixin.py:190} INFO - [2026-05-05T20:59:33.211+0000] {dag.py:4180} INFO - Setting next_dagrun for etl_pipeline to 2026-05-04 00:00:00+00:00, run_after=2026-05-05 00:00:00+00:00
[2026-05-05T20:59:33.274+0000] {processor.py:208} INFO - Processing /opt/airflow/dags/etl-dag.py took 2.063 seconds
[2026-05-05T21:00:03.663+0000] {processor.py:186} INFO - Started process (PID=614) to work on /opt/airflow/dags/etl-dag.py
[2026-05-05T21:00:03.665+0000] {processor.py:914} INFO - Processing file /opt/airflow/dags/etl-dag.py for tasks to queue
[2026-05-05T21:00:03.671+0000] {logging_mixin.py:190} INFO - [2026-05-05T21:00:03.671+0000] {dagbag.py:588} INFO - Filling up the DagBag from /opt/airflow/dags/etl-dag.py
[2026-05-05T21:00:05.997+0000] {processor.py:925} INFO - DAG(s) 'etl_pipeline' retrieved from /opt/airflow/dags/etl-dag.py
[2026-05-05T21:00:06.053+0000] {logging_mixin.py:190} INFO - [2026-05-05T21:00:06.052+0000] {dag.py:3239} INFO - Sync 1 DAGs
[2026-05-05T21:00:06.096+0000] {logging_mixin.py:190} INFO - [2026-05-05T21:00:06.095+0000] {dag.py:4180} INFO - Setting next_dagrun for etl_pipeline to 2026-05-04 00:00:00+00:00, run_after=2026-05-05 00:00:00+00:00
[2026-05-05T21:00:06.137+0000] {processor.py:208} INFO - Processing /opt/airflow/dags/etl-dag.py took 2.487 seconds
[2026-05-05T21:00:38.388+0000] {processor.py:186} INFO - Started process (PID=627) to work on /opt/airflow/dags/etl-dag.py
[2026-05-05T21:00:38.392+0000] {processor.py:914} INFO - Processing file /opt/airflow/dags/etl-dag.py for tasks to queue
[2026-05-05T21:00:38.398+0000] {logging_mixin.py:190} INFO - [2026-05-05T21:00:38.397+0000] {dagbag.py:588} INFO - Filling up the DagBag from /opt/airflow/dags/etl-dag.py
[2026-05-05T21:00:40.762+0000] {processor.py:925} INFO - DAG(s) 'etl_pipeline' retrieved from /opt/airflow/dags/etl-dag.py
[2026-05-05T21:00:40.810+0000] {logging_mixin.py:190} INFO - [2026-05-05T21:00:40.808+0000] {dag.py:3239} INFO - Sync 1 DAGs
[2026-05-05T21:00:40.903+0000] {logging_mixin.py:190} INFO - [2026-05-05T21:00:40.903+0000] {dag.py:4180} INFO - Setting next_dagrun for etl_pipeline to 2026-05-04 00:00:00+00:00, run_after=2026-05-05 00:00:00+00:00
[2026-05-05T21:00:40.938+0000] {processor.py:208} INFO - Processing /opt/airflow/dags/etl-dag.py took 2.566 seconds
[2026-05-05T21:01:11.745+0000] {processor.py:186} INFO - Started process (PID=646) to work on /opt/airflow/dags/etl-dag.py
[2026-05-05T21:01:11.748+0000] {processor.py:914} INFO - Processing file /opt/airflow/dags/etl-dag.py for tasks to queue
[2026-05-05T21:01:11.754+0000] {logging_mixin.py:190} INFO - [2026-05-05T21:01:11.753+0000] {dagbag.py:588} INFO - Filling up the DagBag from /opt/airflow/dags/etl-dag.py
[2026-05-05T21:01:13.100+0000] {processor.py:925} INFO - DAG(s) 'etl_pipeline' retrieved from /opt/airflow/dags/etl-dag.py
[2026-05-05T21:01:13.131+0000] {logging_mixin.py:190} INFO - [2026-05-05T21:01:13.130+0000] {dag.py:3239} INFO - Sync 1 DAGs
[2026-05-05T21:01:13.166+0000] {logging_mixin.py:190} INFO - [2026-05-05T21:01:13.166+0000] {dag.py:4180} INFO - Setting next_dagrun for etl_pipeline to 2026-05-04 00:00:00+00:00, run_after=2026-05-05 00:00:00+00:00
[2026-05-05T21:01:13.200+0000] {processor.py:208} INFO - Processing /opt/airflow/dags/etl-dag.py took 1.465 seconds
[2026-05-05T21:01:43.362+0000] {processor.py:186} INFO - Started process (PID=659) to work on /opt/airflow/dags/etl-dag.py
[2026-05-05T21:01:43.364+0000] {processor.py:914} INFO - Processing file /opt/airflow/dags/etl-dag.py for tasks to queue
[2026-05-05T21:01:43.369+0000] {logging_mixin.py:190} INFO - [2026-05-05T21:01:43.369+0000] {dagbag.py:588} INFO - Filling up the DagBag from /opt/airflow/dags/etl-dag.py
[2026-05-05T21:01:44.715+0000] {processor.py:925} INFO - DAG(s) 'etl_pipeline' retrieved from /opt/airflow/dags/etl-dag.py
[2026-05-05T21:01:44.771+0000] {logging_mixin.py:190} INFO - [2026-05-05T21:01:44.770+0000] {dag.py:3239} INFO - Sync 1 DAGs
[2026-05-05T21:01:44.857+0000] {logging_mixin.py:190} INFO - [2026-05-05T21:01:44.856+0000] {dag.py:4180} INFO - Setting next_dagrun for etl_pipeline to 2026-05-04 00:00:00+00:00, run_after=2026-05-05 00:00:00+00:00
[2026-05-05T21:01:44.916+0000] {processor.py:208} INFO - Processing /opt/airflow/dags/etl-dag.py took 1.567 seconds
[2026-05-05T21:02:15.335+0000] {processor.py:186} INFO - Started process (PID=672) to work on /opt/airflow/dags/etl-dag.py
[2026-05-05T21:02:15.338+0000] {processor.py:914} INFO - Processing file /opt/airflow/dags/etl-dag.py for tasks to queue
[2026-05-05T21:02:15.345+0000] {logging_mixin.py:190} INFO - [2026-05-05T21:02:15.344+0000] {dagbag.py:588} INFO - Filling up the DagBag from /opt/airflow/dags/etl-dag.py
[2026-05-05T21:02:16.508+0000] {processor.py:925} INFO - DAG(s) 'etl_pipeline' retrieved from /opt/airflow/dags/etl-dag.py
[2026-05-05T21:02:16.537+0000] {logging_mixin.py:190} INFO - [2026-05-05T21:02:16.537+0000] {dag.py:3239} INFO - Sync 1 DAGs
[2026-05-05T21:02:16.566+0000] {logging_mixin.py:190} INFO - [2026-05-05T21:02:16.565+0000] {dag.py:4180} INFO - Setting next_dagrun for etl_pipeline to 2026-05-04 00:00:00+00:00, run_after=2026-05-05 00:00:00+00:00
[2026-05-05T21:02:16.601+0000] {processor.py:208} INFO - Processing /opt/airflow/dags/etl-dag.py took 1.282 seconds
[2026-05-05T21:02:46.875+0000] {processor.py:186} INFO - Started process (PID=685) to work on /opt/airflow/dags/etl-dag.py
[2026-05-05T21:02:46.877+0000] {processor.py:914} INFO - Processing file /opt/airflow/dags/etl-dag.py for tasks to queue
[2026-05-05T21:02:46.881+0000] {logging_mixin.py:190} INFO - [2026-05-05T21:02:46.880+0000] {dagbag.py:588} INFO - Filling up the DagBag from /opt/airflow/dags/etl-dag.py
[2026-05-05T21:02:50.069+0000] {processor.py:925} INFO - DAG(s) 'etl_pipeline' retrieved from /opt/airflow/dags/etl-dag.py
[2026-05-05T21:02:50.140+0000] {logging_mixin.py:190} INFO - [2026-05-05T21:02:50.140+0000] {dag.py:3239} INFO - Sync 1 DAGs
[2026-05-05T21:02:50.179+0000] {logging_mixin.py:190} INFO - [2026-05-05T21:02:50.179+0000] {dag.py:4180} INFO - Setting next_dagrun for etl_pipeline to 2026-05-04 00:00:00+00:00, run_after=2026-05-05 00:00:00+00:00
[2026-05-05T21:02:50.224+0000] {processor.py:208} INFO - Processing /opt/airflow/dags/etl-dag.py took 3.383 seconds
[2026-05-05T21:03:20.796+0000] {processor.py:186} INFO - Started process (PID=698) to work on /opt/airflow/dags/etl-dag.py
[2026-05-05T21:03:20.817+0000] {processor.py:914} INFO - Processing file /opt/airflow/dags/etl-dag.py for tasks to queue
[2026-05-05T21:03:20.829+0000] {logging_mixin.py:190} INFO - [2026-05-05T21:03:20.825+0000] {dagbag.py:588} INFO - Filling up the DagBag from /opt/airflow/dags/etl-dag.py
[2026-05-05T21:03:23.741+0000] {processor.py:925} INFO - DAG(s) 'etl_pipeline' retrieved from /opt/airflow/dags/etl-dag.py
[2026-05-05T21:03:23.886+0000] {logging_mixin.py:190} INFO - [2026-05-05T21:03:23.885+0000] {dag.py:3239} INFO - Sync 1 DAGs
[2026-05-05T21:03:23.961+0000] {logging_mixin.py:190} INFO - [2026-05-05T21:03:23.961+0000] {dag.py:4180} INFO - Setting next_dagrun for etl_pipeline to 2026-05-04 00:00:00+00:00, run_after=2026-05-05 00:00:00+00:00
[2026-05-05T21:03:24.010+0000] {processor.py:208} INFO - Processing /opt/airflow/dags/etl-dag.py took 3.312 seconds
[2026-05-05T21:03:54.183+0000] {processor.py:186} INFO - Started process (PID=711) to work on /opt/airflow/dags/etl-dag.py
[2026-05-05T21:03:54.186+0000] {processor.py:914} INFO - Processing file /opt/airflow/dags/etl-dag.py for tasks to queue
[2026-05-05T21:03:54.200+0000] {logging_mixin.py:190} INFO - [2026-05-05T21:03:54.198+0000] {dagbag.py:588} INFO - Filling up the DagBag from /opt/airflow/dags/etl-dag.py
[2026-05-05T21:03:56.620+0000] {processor.py:925} INFO - DAG(s) 'etl_pipeline' retrieved from /opt/airflow/dags/etl-dag.py
[2026-05-05T21:03:56.707+0000] {logging_mixin.py:190} INFO - [2026-05-05T21:03:56.706+0000] {dag.py:3239} INFO - Sync 1 DAGs
[2026-05-05T21:03:56.763+0000] {logging_mixin.py:190} INFO - [2026-05-05T21:03:56.763+0000] {dag.py:4180} INFO - Setting next_dagrun for etl_pipeline to 2026-05-04 00:00:00+00:00, run_after=2026-05-05 00:00:00+00:00
[2026-05-05T21:03:56.794+0000] {processor.py:208} INFO - Processing /opt/airflow/dags/etl-dag.py took 2.631 seconds
[2026-05-05T21:04:27.516+0000] {processor.py:186} INFO - Started process (PID=724) to work on /opt/airflow/dags/etl-dag.py
[2026-05-05T21:04:27.523+0000] {processor.py:914} INFO - Processing file /opt/airflow/dags/etl-dag.py for tasks to queue
[2026-05-05T21:04:27.555+0000] {logging_mixin.py:190} INFO - [2026-05-05T21:04:27.542+0000] {dagbag.py:588} INFO - Filling up the DagBag from /opt/airflow/dags/etl-dag.py
[2026-05-05T21:04:31.235+0000] {processor.py:925} INFO - DAG(s) 'etl_pipeline' retrieved from /opt/airflow/dags/etl-dag.py
[2026-05-05T21:04:31.456+0000] {logging_mixin.py:190} INFO - [2026-05-05T21:04:31.452+0000] {dag.py:3239} INFO - Sync 1 DAGs
[2026-05-05T21:04:31.541+0000] {logging_mixin.py:190} INFO - [2026-05-05T21:04:31.540+0000] {dag.py:4180} INFO - Setting next_dagrun for etl_pipeline to 2026-05-04 00:00:00+00:00, run_after=2026-05-05 00:00:00+00:00
[2026-05-05T21:04:31.585+0000] {processor.py:208} INFO - Processing /opt/airflow/dags/etl-dag.py took 4.165 seconds
[2026-05-05T21:05:02.014+0000] {processor.py:186} INFO - Started process (PID=737) to work on /opt/airflow/dags/etl-dag.py
[2026-05-05T21:05:02.017+0000] {processor.py:914} INFO - Processing file /opt/airflow/dags/etl-dag.py for tasks to queue
[2026-05-05T21:05:02.022+0000] {logging_mixin.py:190} INFO - [2026-05-05T21:05:02.021+0000] {dagbag.py:588} INFO - Filling up the DagBag from /opt/airflow/dags/etl-dag.py
[2026-05-05T21:05:04.868+0000] {processor.py:925} INFO - DAG(s) 'etl_pipeline' retrieved from /opt/airflow/dags/etl-dag.py
[2026-05-05T21:05:04.950+0000] {logging_mixin.py:190} INFO - [2026-05-05T21:05:04.949+0000] {dag.py:3239} INFO - Sync 1 DAGs
[2026-05-05T21:05:04.990+0000] {logging_mixin.py:190} INFO - [2026-05-05T21:05:04.990+0000] {dag.py:4180} INFO - Setting next_dagrun for etl_pipeline to 2026-05-04 00:00:00+00:00, run_after=2026-05-05 00:00:00+00:00
[2026-05-05T21:05:05.030+0000] {processor.py:208} INFO - Processing /opt/airflow/dags/etl-dag.py took 3.035 seconds
[2026-05-05T21:05:35.570+0000] {processor.py:186} INFO - Started process (PID=750) to work on /opt/airflow/dags/etl-dag.py
[2026-05-05T21:05:35.571+0000] {processor.py:914} INFO - Processing file /opt/airflow/dags/etl-dag.py for tasks to queue
[2026-05-05T21:05:35.577+0000] {logging_mixin.py:190} INFO - [2026-05-05T21:05:35.576+0000] {dagbag.py:588} INFO - Filling up the DagBag from /opt/airflow/dags/etl-dag.py
[2026-05-05T21:05:37.019+0000] {processor.py:925} INFO - DAG(s) 'etl_pipeline' retrieved from /opt/airflow/dags/etl-dag.py
[2026-05-05T21:05:37.080+0000] {logging_mixin.py:190} INFO - [2026-05-05T21:05:37.079+0000] {dag.py:3239} INFO - Sync 1 DAGs
[2026-05-05T21:05:37.133+0000] {logging_mixin.py:190} INFO - [2026-05-05T21:05:37.133+0000] {dag.py:4180} INFO - Setting next_dagrun for etl_pipeline to 2026-05-04 00:00:00+00:00, run_after=2026-05-05 00:00:00+00:00
[2026-05-05T21:05:37.192+0000] {processor.py:208} INFO - Processing /opt/airflow/dags/etl-dag.py took 1.633 seconds
[2026-05-05T21:06:07.754+0000] {processor.py:186} INFO - Started process (PID=763) to work on /opt/airflow/dags/etl-dag.py
[2026-05-05T21:06:07.755+0000] {processor.py:914} INFO - Processing file /opt/airflow/dags/etl-dag.py for tasks to queue
[2026-05-05T21:06:07.760+0000] {logging_mixin.py:190} INFO - [2026-05-05T21:06:07.759+0000] {dagbag.py:588} INFO - Filling up the DagBag from /opt/airflow/dags/etl-dag.py
[2026-05-05T21:06:08.940+0000] {processor.py:925} INFO - DAG(s) 'etl_pipeline' retrieved from /opt/airflow/dags/etl-dag.py
[2026-05-05T21:06:08.981+0000] {logging_mixin.py:190} INFO - [2026-05-05T21:06:08.980+0000] {dag.py:3239} INFO - Sync 1 DAGs
[2026-05-05T21:06:09.012+0000] {logging_mixin.py:190} INFO - [2026-05-05T21:06:09.011+0000] {dag.py:4180} INFO - Setting next_dagrun for etl_pipeline to 2026-05-04 00:00:00+00:00, run_after=2026-05-05 00:00:00+00:00
[2026-05-05T21:06:09.037+0000] {processor.py:208} INFO - Processing /opt/airflow/dags/etl-dag.py took 1.296 seconds
[2026-05-05T21:06:39.604+0000] {processor.py:186} INFO - Started process (PID=776) to work on /opt/airflow/dags/etl-dag.py
[2026-05-05T21:06:39.606+0000] {processor.py:914} INFO - Processing file /opt/airflow/dags/etl-dag.py for tasks to queue
[2026-05-05T21:06:39.610+0000] {logging_mixin.py:190} INFO - [2026-05-05T21:06:39.609+0000] {dagbag.py:588} INFO - Filling up the DagBag from /opt/airflow/dags/etl-dag.py
[2026-05-05T21:06:40.733+0000] {processor.py:925} INFO - DAG(s) 'etl_pipeline' retrieved from /opt/airflow/dags/etl-dag.py
[2026-05-05T21:06:40.770+0000] {logging_mixin.py:190} INFO - [2026-05-05T21:06:40.770+0000] {dag.py:3239} INFO - Sync 1 DAGs
[2026-05-05T21:06:40.803+0000] {logging_mixin.py:190} INFO - [2026-05-05T21:06:40.803+0000] {dag.py:4180} INFO - Setting next_dagrun for etl_pipeline to 2026-05-04 00:00:00+00:00, run_after=2026-05-05 00:00:00+00:00
[2026-05-05T21:06:40.838+0000] {processor.py:208} INFO - Processing /opt/airflow/dags/etl-dag.py took 1.243 seconds
[2026-05-05T21:07:11.048+0000] {processor.py:186} INFO - Started process (PID=795) to work on /opt/airflow/dags/etl-dag.py
[2026-05-05T21:07:11.049+0000] {processor.py:914} INFO - Processing file /opt/airflow/dags/etl-dag.py for tasks to queue
[2026-05-05T21:07:11.054+0000] {logging_mixin.py:190} INFO - [2026-05-05T21:07:11.054+0000] {dagbag.py:588} INFO - Filling up the DagBag from /opt/airflow/dags/etl-dag.py
[2026-05-05T21:07:12.137+0000] {processor.py:925} INFO - DAG(s) 'etl_pipeline' retrieved from /opt/airflow/dags/etl-dag.py
[2026-05-05T21:07:12.190+0000] {logging_mixin.py:190} INFO - [2026-05-05T21:07:12.189+0000] {dag.py:3239} INFO - Sync 1 DAGs
[2026-05-05T21:07:12.242+0000] {logging_mixin.py:190} INFO - [2026-05-05T21:07:12.242+0000] {dag.py:4180} INFO - Setting next_dagrun for etl_pipeline to 2026-05-04 00:00:00+00:00, run_after=2026-05-05 00:00:00+00:00
[2026-05-05T21:07:12.273+0000] {processor.py:208} INFO - Processing /opt/airflow/dags/etl-dag.py took 1.237 seconds
[2026-05-05T21:07:42.829+0000] {processor.py:186} INFO - Started process (PID=808) to work on /opt/airflow/dags/etl-dag.py
[2026-05-05T21:07:42.831+0000] {processor.py:914} INFO - Processing file /opt/airflow/dags/etl-dag.py for tasks to queue
[2026-05-05T21:07:42.836+0000] {logging_mixin.py:190} INFO - [2026-05-05T21:07:42.835+0000] {dagbag.py:588} INFO - Filling up the DagBag from /opt/airflow/dags/etl-dag.py
[2026-05-05T21:07:44.279+0000] {processor.py:925} INFO - DAG(s) 'etl_pipeline' retrieved from /opt/airflow/dags/etl-dag.py
[2026-05-05T21:07:44.319+0000] {logging_mixin.py:190} INFO - [2026-05-05T21:07:44.318+0000] {dag.py:3239} INFO - Sync 1 DAGs
[2026-05-05T21:07:44.388+0000] {logging_mixin.py:190} INFO - [2026-05-05T21:07:44.387+0000] {dag.py:4180} INFO - Setting next_dagrun for etl_pipeline to 2026-05-04 00:00:00+00:00, run_after=2026-05-05 00:00:00+00:00
[2026-05-05T21:07:44.416+0000] {processor.py:208} INFO - Processing /opt/airflow/dags/etl-dag.py took 1.598 seconds
[2026-05-05T21:08:15.078+0000] {processor.py:186} INFO - Started process (PID=821) to work on /opt/airflow/dags/etl-dag.py
[2026-05-05T21:08:15.080+0000] {processor.py:914} INFO - Processing file /opt/airflow/dags/etl-dag.py for tasks to queue
[2026-05-05T21:08:15.085+0000] {logging_mixin.py:190} INFO - [2026-05-05T21:08:15.084+0000] {dagbag.py:588} INFO - Filling up the DagBag from /opt/airflow/dags/etl-dag.py
[2026-05-05T21:08:16.243+0000] {processor.py:925} INFO - DAG(s) 'etl_pipeline' retrieved from /opt/airflow/dags/etl-dag.py
[2026-05-05T21:08:16.282+0000] {logging_mixin.py:190} INFO - [2026-05-05T21:08:16.281+0000] {dag.py:3239} INFO - Sync 1 DAGs
[2026-05-05T21:08:16.318+0000] {logging_mixin.py:190} INFO - [2026-05-05T21:08:16.317+0000] {dag.py:4180} INFO - Setting next_dagrun for etl_pipeline to 2026-05-04 00:00:00+00:00, run_after=2026-05-05 00:00:00+00:00
[2026-05-05T21:08:16.355+0000] {processor.py:208} INFO - Processing /opt/airflow/dags/etl-dag.py took 1.291 seconds
[2026-05-05T21:08:46.936+0000] {processor.py:186} INFO - Started process (PID=834) to work on /opt/airflow/dags/etl-dag.py
[2026-05-05T21:08:46.939+0000] {processor.py:914} INFO - Processing file /opt/airflow/dags/etl-dag.py for tasks to queue
[2026-05-05T21:08:46.946+0000] {logging_mixin.py:190} INFO - [2026-05-05T21:08:46.945+0000] {dagbag.py:588} INFO - Filling up the DagBag from /opt/airflow/dags/etl-dag.py
[2026-05-05T21:08:48.000+0000] {processor.py:925} INFO - DAG(s) 'etl_pipeline' retrieved from /opt/airflow/dags/etl-dag.py
[2026-05-05T21:08:48.036+0000] {logging_mixin.py:190} INFO - [2026-05-05T21:08:48.035+0000] {dag.py:3239} INFO - Sync 1 DAGs
[2026-05-05T21:08:48.073+0000] {logging_mixin.py:190} INFO - [2026-05-05T21:08:48.073+0000] {dag.py:4180} INFO - Setting next_dagrun for etl_pipeline to 2026-05-04 00:00:00+00:00, run_after=2026-05-05 00:00:00+00:00
[2026-05-05T21:08:48.106+0000] {processor.py:208} INFO - Processing /opt/airflow/dags/etl-dag.py took 1.180 seconds
[2026-05-05T21:09:18.376+0000] {processor.py:186} INFO - Started process (PID=847) to work on /opt/airflow/dags/etl-dag.py
[2026-05-05T21:09:18.379+0000] {processor.py:914} INFO - Processing file /opt/airflow/dags/etl-dag.py for tasks to queue
[2026-05-05T21:09:18.384+0000] {logging_mixin.py:190} INFO - [2026-05-05T21:09:18.383+0000] {dagbag.py:588} INFO - Filling up the DagBag from /opt/airflow/dags/etl-dag.py
[2026-05-05T21:09:19.475+0000] {processor.py:925} INFO - DAG(s) 'etl_pipeline' retrieved from /opt/airflow/dags/etl-dag.py
[2026-05-05T21:09:19.503+0000] {logging_mixin.py:190} INFO - [2026-05-05T21:09:19.503+0000] {dag.py:3239} INFO - Sync 1 DAGs
[2026-05-05T21:09:19.532+0000] {logging_mixin.py:190} INFO - [2026-05-05T21:09:19.532+0000] {dag.py:4180} INFO - Setting next_dagrun for etl_pipeline to 2026-05-04 00:00:00+00:00, run_after=2026-05-05 00:00:00+00:00
[2026-05-05T21:09:19.570+0000] {processor.py:208} INFO - Processing /opt/airflow/dags/etl-dag.py took 1.205 seconds
[2026-05-05T21:09:50.082+0000] {processor.py:186} INFO - Started process (PID=861) to work on /opt/airflow/dags/etl-dag.py
[2026-05-05T21:09:50.084+0000] {processor.py:914} INFO - Processing file /opt/airflow/dags/etl-dag.py for tasks to queue
[2026-05-05T21:09:50.090+0000] {logging_mixin.py:190} INFO - [2026-05-05T21:09:50.089+0000] {dagbag.py:588} INFO - Filling up the DagBag from /opt/airflow/dags/etl-dag.py
[2026-05-05T21:09:51.814+0000] {processor.py:925} INFO - DAG(s) 'etl_pipeline' retrieved from /opt/airflow/dags/etl-dag.py
[2026-05-05T21:09:51.947+0000] {logging_mixin.py:190} INFO - [2026-05-05T21:09:51.945+0000] {dag.py:3239} INFO - Sync 1 DAGs
[2026-05-05T21:09:51.987+0000] {logging_mixin.py:190} INFO - [2026-05-05T21:09:51.987+0000] {dag.py:4180} INFO - Setting next_dagrun for etl_pipeline to 2026-05-04 00:00:00+00:00, run_after=2026-05-05 00:00:00+00:00
[2026-05-05T21:09:52.012+0000] {processor.py:208} INFO - Processing /opt/airflow/dags/etl-dag.py took 1.943 seconds
[2026-05-05T21:10:22.550+0000] {processor.py:186} INFO - Started process (PID=874) to work on /opt/airflow/dags/etl-dag.py
[2026-05-05T21:10:22.552+0000] {processor.py:914} INFO - Processing file /opt/airflow/dags/etl-dag.py for tasks to queue
[2026-05-05T21:10:22.559+0000] {logging_mixin.py:190} INFO - [2026-05-05T21:10:22.555+0000] {dagbag.py:588} INFO - Filling up the DagBag from /opt/airflow/dags/etl-dag.py
[2026-05-05T21:10:24.128+0000] {processor.py:925} INFO - DAG(s) 'etl_pipeline' retrieved from /opt/airflow/dags/etl-dag.py
[2026-05-05T21:10:24.170+0000] {logging_mixin.py:190} INFO - [2026-05-05T21:10:24.170+0000] {dag.py:3239} INFO - Sync 1 DAGs
[2026-05-05T21:10:24.219+0000] {logging_mixin.py:190} INFO - [2026-05-05T21:10:24.219+0000] {dag.py:4180} INFO - Setting next_dagrun for etl_pipeline to 2026-05-04 00:00:00+00:00, run_after=2026-05-05 00:00:00+00:00
[2026-05-05T21:10:24.268+0000] {processor.py:208} INFO - Processing /opt/airflow/dags/etl-dag.py took 1.728 seconds
[2026-05-05T21:10:55.107+0000] {processor.py:186} INFO - Started process (PID=886) to work on /opt/airflow/dags/etl-dag.py
[2026-05-05T21:10:55.110+0000] {processor.py:914} INFO - Processing file /opt/airflow/dags/etl-dag.py for tasks to queue
[2026-05-05T21:10:55.115+0000] {logging_mixin.py:190} INFO - [2026-05-05T21:10:55.114+0000] {dagbag.py:588} INFO - Filling up the DagBag from /opt/airflow/dags/etl-dag.py
[2026-05-05T21:10:56.552+0000] {processor.py:925} INFO - DAG(s) 'etl_pipeline' retrieved from /opt/airflow/dags/etl-dag.py
[2026-05-05T21:10:56.589+0000] {logging_mixin.py:190} INFO - [2026-05-05T21:10:56.588+0000] {dag.py:3239} INFO - Sync 1 DAGs
[2026-05-05T21:10:56.623+0000] {logging_mixin.py:190} INFO - [2026-05-05T21:10:56.623+0000] {dag.py:4180} INFO - Setting next_dagrun for etl_pipeline to 2026-05-04 00:00:00+00:00, run_after=2026-05-05 00:00:00+00:00
[2026-05-05T21:10:56.656+0000] {processor.py:208} INFO - Processing /opt/airflow/dags/etl-dag.py took 1.560 seconds
[2026-05-05T21:11:26.822+0000] {processor.py:186} INFO - Started process (PID=899) to work on /opt/airflow/dags/etl-dag.py
[2026-05-05T21:11:26.825+0000] {processor.py:914} INFO - Processing file /opt/airflow/dags/etl-dag.py for tasks to queue
[2026-05-05T21:11:26.830+0000] {logging_mixin.py:190} INFO - [2026-05-05T21:11:26.829+0000] {dagbag.py:588} INFO - Filling up the DagBag from /opt/airflow/dags/etl-dag.py
[2026-05-05T21:11:28.292+0000] {processor.py:925} INFO - DAG(s) 'etl_pipeline' retrieved from /opt/airflow/dags/etl-dag.py
[2026-05-05T21:11:28.343+0000] {logging_mixin.py:190} INFO - [2026-05-05T21:11:28.343+0000] {dag.py:3239} INFO - Sync 1 DAGs
[2026-05-05T21:11:28.374+0000] {logging_mixin.py:190} INFO - [2026-05-05T21:11:28.374+0000] {dag.py:4180} INFO - Setting next_dagrun for etl_pipeline to 2026-05-04 00:00:00+00:00, run_after=2026-05-05 00:00:00+00:00
[2026-05-05T21:11:28.403+0000] {processor.py:208} INFO - Processing /opt/airflow/dags/etl-dag.py took 1.599 seconds
[2026-05-05T21:11:58.832+0000] {processor.py:186} INFO - Started process (PID=912) to work on /opt/airflow/dags/etl-dag.py
[2026-05-05T21:11:58.835+0000] {processor.py:914} INFO - Processing file /opt/airflow/dags/etl-dag.py for tasks to queue
[2026-05-05T21:11:58.839+0000] {logging_mixin.py:190} INFO - [2026-05-05T21:11:58.838+0000] {dagbag.py:588} INFO - Filling up the DagBag from /opt/airflow/dags/etl-dag.py
[2026-05-05T21:12:00.450+0000] {processor.py:925} INFO - DAG(s) 'etl_pipeline' retrieved from /opt/airflow/dags/etl-dag.py
[2026-05-05T21:12:00.483+0000] {logging_mixin.py:190} INFO - [2026-05-05T21:12:00.483+0000] {dag.py:3239} INFO - Sync 1 DAGs
[2026-05-05T21:12:00.518+0000] {logging_mixin.py:190} INFO - [2026-05-05T21:12:00.517+0000] {dag.py:4180} INFO - Setting next_dagrun for etl_pipeline to 2026-05-04 00:00:00+00:00, run_after=2026-05-05 00:00:00+00:00
[2026-05-05T21:12:00.548+0000] {processor.py:208} INFO - Processing /opt/airflow/dags/etl-dag.py took 1.733 seconds
[2026-05-05T21:12:31.062+0000] {processor.py:186} INFO - Started process (PID=925) to work on /opt/airflow/dags/etl-dag.py
[2026-05-05T21:12:31.064+0000] {processor.py:914} INFO - Processing file /opt/airflow/dags/etl-dag.py for tasks to queue
[2026-05-05T21:12:31.068+0000] {logging_mixin.py:190} INFO - [2026-05-05T21:12:31.068+0000] {dagbag.py:588} INFO - Filling up the DagBag from /opt/airflow/dags/etl-dag.py
[2026-05-05T21:12:32.505+0000] {processor.py:925} INFO - DAG(s) 'etl_pipeline' retrieved from /opt/airflow/dags/etl-dag.py
[2026-05-05T21:12:32.571+0000] {logging_mixin.py:190} INFO - [2026-05-05T21:12:32.570+0000] {dag.py:3239} INFO - Sync 1 DAGs
[2026-05-05T21:12:32.651+0000] {logging_mixin.py:190} INFO - [2026-05-05T21:12:32.649+0000] {dag.py:4180} INFO - Setting next_dagrun for etl_pipeline to 2026-05-04 00:00:00+00:00, run_after=2026-05-05 00:00:00+00:00
[2026-05-05T21:12:32.696+0000] {processor.py:208} INFO - Processing /opt/airflow/dags/etl-dag.py took 1.647 seconds
[2026-05-05T21:13:03.317+0000] {processor.py:186} INFO - Started process (PID=938) to work on /opt/airflow/dags/etl-dag.py
[2026-05-05T21:13:03.319+0000] {processor.py:914} INFO - Processing file /opt/airflow/dags/etl-dag.py for tasks to queue
[2026-05-05T21:13:03.324+0000] {logging_mixin.py:190} INFO - [2026-05-05T21:13:03.324+0000] {dagbag.py:588} INFO - Filling up the DagBag from /opt/airflow/dags/etl-dag.py
[2026-05-05T21:13:08.826+0000] {processor.py:925} INFO - DAG(s) 'etl_pipeline' retrieved from /opt/airflow/dags/etl-dag.py
[2026-05-05T21:13:08.977+0000] {logging_mixin.py:190} INFO - [2026-05-05T21:13:08.976+0000] {dag.py:3239} INFO - Sync 1 DAGs
[2026-05-05T21:13:09.023+0000] {logging_mixin.py:190} INFO - [2026-05-05T21:13:09.023+0000] {dag.py:4180} INFO - Setting next_dagrun for etl_pipeline to 2026-05-04 00:00:00+00:00, run_after=2026-05-05 00:00:00+00:00
[2026-05-05T21:13:09.069+0000] {processor.py:208} INFO - Processing /opt/airflow/dags/etl-dag.py took 5.766 seconds
[2026-05-05T21:13:39.576+0000] {processor.py:186} INFO - Started process (PID=951) to work on /opt/airflow/dags/etl-dag.py
[2026-05-05T21:13:39.578+0000] {processor.py:914} INFO - Processing file /opt/airflow/dags/etl-dag.py for tasks to queue
[2026-05-05T21:13:39.582+0000] {logging_mixin.py:190} INFO - [2026-05-05T21:13:39.581+0000] {dagbag.py:588} INFO - Filling up the DagBag from /opt/airflow/dags/etl-dag.py
[2026-05-05T21:13:41.797+0000] {processor.py:925} INFO - DAG(s) 'etl_pipeline' retrieved from /opt/airflow/dags/etl-dag.py
[2026-05-05T21:13:41.865+0000] {logging_mixin.py:190} INFO - [2026-05-05T21:13:41.864+0000] {dag.py:3239} INFO - Sync 1 DAGs
[2026-05-05T21:13:41.904+0000] {logging_mixin.py:190} INFO - [2026-05-05T21:13:41.904+0000] {dag.py:4180} INFO - Setting next_dagrun for etl_pipeline to 2026-05-04 00:00:00+00:00, run_after=2026-05-05 00:00:00+00:00
[2026-05-05T21:13:41.933+0000] {processor.py:208} INFO - Processing /opt/airflow/dags/etl-dag.py took 2.368 seconds
[2026-05-05T21:18:32.074+0000] {processor.py:186} INFO - Started process (PID=964) to work on /opt/airflow/dags/etl-dag.py
[2026-05-05T21:18:40.209+0000] {processor.py:914} INFO - Processing file /opt/airflow/dags/etl-dag.py for tasks to queue
[2026-05-05T21:21:17.623+0000] {logging_mixin.py:190} INFO - [2026-05-05T21:21:15.912+0000] {dagbag.py:588} INFO - Filling up the DagBag from /opt/airflow/dags/etl-dag.py
[2026-05-05T21:22:23.701+0000] {processor.py:186} INFO - Started process (PID=967) to work on /opt/airflow/dags/etl-dag.py
[2026-05-05T21:22:23.844+0000] {processor.py:914} INFO - Processing file /opt/airflow/dags/etl-dag.py for tasks to queue
[2026-05-05T21:22:24.199+0000] {logging_mixin.py:190} INFO - [2026-05-05T21:22:23.957+0000] {dagbag.py:588} INFO - Filling up the DagBag from /opt/airflow/dags/etl-dag.py
[2026-05-05T21:59:45.985+0000] {processor.py:186} INFO - Started process (PID=201) to work on /opt/airflow/dags/etl-dag.py
[2026-05-05T21:59:45.988+0000] {processor.py:914} INFO - Processing file /opt/airflow/dags/etl-dag.py for tasks to queue
[2026-05-05T21:59:45.992+0000] {logging_mixin.py:190} INFO - [2026-05-05T21:59:45.991+0000] {dagbag.py:588} INFO - Filling up the DagBag from /opt/airflow/dags/etl-dag.py
[2026-05-05T21:59:47.593+0000] {processor.py:925} INFO - DAG(s) 'etl_pipeline' retrieved from /opt/airflow/dags/etl-dag.py
[2026-05-05T21:59:48.005+0000] {logging_mixin.py:190} INFO - [2026-05-05T21:59:48.004+0000] {dag.py:3239} INFO - Sync 1 DAGs
[2026-05-05T21:59:48.062+0000] {logging_mixin.py:190} INFO - [2026-05-05T21:59:48.062+0000] {dag.py:4180} INFO - Setting next_dagrun for etl_pipeline to 2026-05-04 00:00:00+00:00, run_after=2026-05-05 00:00:00+00:00
[2026-05-05T21:59:48.107+0000] {processor.py:208} INFO - Processing /opt/airflow/dags/etl-dag.py took 2.129 seconds
[2026-05-05T22:00:18.385+0000] {processor.py:186} INFO - Started process (PID=214) to work on /opt/airflow/dags/etl-dag.py
[2026-05-05T22:00:18.386+0000] {processor.py:914} INFO - Processing file /opt/airflow/dags/etl-dag.py for tasks to queue
[2026-05-05T22:00:18.389+0000] {logging_mixin.py:190} INFO - [2026-05-05T22:00:18.388+0000] {dagbag.py:588} INFO - Filling up the DagBag from /opt/airflow/dags/etl-dag.py
[2026-05-05T22:00:18.937+0000] {processor.py:925} INFO - DAG(s) 'etl_pipeline' retrieved from /opt/airflow/dags/etl-dag.py
[2026-05-05T22:00:18.961+0000] {logging_mixin.py:190} INFO - [2026-05-05T22:00:18.961+0000] {dag.py:3239} INFO - Sync 1 DAGs
[2026-05-05T22:00:18.980+0000] {logging_mixin.py:190} INFO - [2026-05-05T22:00:18.979+0000] {dag.py:4180} INFO - Setting next_dagrun for etl_pipeline to 2026-05-04 00:00:00+00:00, run_after=2026-05-05 00:00:00+00:00
[2026-05-05T22:00:18.999+0000] {processor.py:208} INFO - Processing /opt/airflow/dags/etl-dag.py took 0.619 seconds
[2026-05-05T22:00:49.394+0000] {processor.py:186} INFO - Started process (PID=227) to work on /opt/airflow/dags/etl-dag.py
[2026-05-05T22:00:49.396+0000] {processor.py:914} INFO - Processing file /opt/airflow/dags/etl-dag.py for tasks to queue
[2026-05-05T22:00:49.398+0000] {logging_mixin.py:190} INFO - [2026-05-05T22:00:49.398+0000] {dagbag.py:588} INFO - Filling up the DagBag from /opt/airflow/dags/etl-dag.py
[2026-05-05T22:00:49.928+0000] {processor.py:925} INFO - DAG(s) 'etl_pipeline' retrieved from /opt/airflow/dags/etl-dag.py
[2026-05-05T22:00:49.946+0000] {logging_mixin.py:190} INFO - [2026-05-05T22:00:49.946+0000] {dag.py:3239} INFO - Sync 1 DAGs
[2026-05-05T22:00:49.961+0000] {logging_mixin.py:190} INFO - [2026-05-05T22:00:49.961+0000] {dag.py:4180} INFO - Setting next_dagrun for etl_pipeline to 2026-05-04 00:00:00+00:00, run_after=2026-05-05 00:00:00+00:00
[2026-05-05T22:00:49.979+0000] {processor.py:208} INFO - Processing /opt/airflow/dags/etl-dag.py took 0.592 seconds
[2026-05-05T22:01:20.575+0000] {processor.py:186} INFO - Started process (PID=240) to work on /opt/airflow/dags/etl-dag.py
[2026-05-05T22:01:20.581+0000] {processor.py:914} INFO - Processing file /opt/airflow/dags/etl-dag.py for tasks to queue
[2026-05-05T22:01:20.629+0000] {logging_mixin.py:190} INFO - [2026-05-05T22:01:20.604+0000] {dagbag.py:588} INFO - Filling up the DagBag from /opt/airflow/dags/etl-dag.py
[2026-05-05T22:01:29.587+0000] {processor.py:925} INFO - DAG(s) 'etl_pipeline' retrieved from /opt/airflow/dags/etl-dag.py
[2026-05-05T22:01:29.635+0000] {logging_mixin.py:190} INFO - [2026-05-05T22:01:29.635+0000] {dag.py:3239} INFO - Sync 1 DAGs
[2026-05-05T22:01:29.661+0000] {logging_mixin.py:190} INFO - [2026-05-05T22:01:29.661+0000] {dag.py:4180} INFO - Setting next_dagrun for etl_pipeline to 2026-05-04 00:00:00+00:00, run_after=2026-05-05 00:00:00+00:00
[2026-05-05T22:01:29.694+0000] {processor.py:208} INFO - Processing /opt/airflow/dags/etl-dag.py took 9.153 seconds
[2026-05-05T22:02:00.088+0000] {processor.py:186} INFO - Started process (PID=259) to work on /opt/airflow/dags/etl-dag.py
[2026-05-05T22:02:00.090+0000] {processor.py:914} INFO - Processing file /opt/airflow/dags/etl-dag.py for tasks to queue
[2026-05-05T22:02:00.095+0000] {logging_mixin.py:190} INFO - [2026-05-05T22:02:00.095+0000] {dagbag.py:588} INFO - Filling up the DagBag from /opt/airflow/dags/etl-dag.py
[2026-05-05T22:02:01.382+0000] {processor.py:925} INFO - DAG(s) 'etl_pipeline' retrieved from /opt/airflow/dags/etl-dag.py
[2026-05-05T22:02:01.409+0000] {logging_mixin.py:190} INFO - [2026-05-05T22:02:01.408+0000] {dag.py:3239} INFO - Sync 1 DAGs
[2026-05-05T22:02:01.437+0000] {logging_mixin.py:190} INFO - [2026-05-05T22:02:01.437+0000] {dag.py:4180} INFO - Setting next_dagrun for etl_pipeline to 2026-05-04 00:00:00+00:00, run_after=2026-05-05 00:00:00+00:00
[2026-05-05T22:02:01.457+0000] {processor.py:208} INFO - Processing /opt/airflow/dags/etl-dag.py took 1.387 seconds
[2026-05-05T22:02:31.765+0000] {processor.py:186} INFO - Started process (PID=272) to work on /opt/airflow/dags/etl-dag.py
[2026-05-05T22:02:31.774+0000] {processor.py:914} INFO - Processing file /opt/airflow/dags/etl-dag.py for tasks to queue
[2026-05-05T22:02:31.776+0000] {logging_mixin.py:190} INFO - [2026-05-05T22:02:31.776+0000] {dagbag.py:588} INFO - Filling up the DagBag from /opt/airflow/dags/etl-dag.py
[2026-05-05T22:02:32.567+0000] {processor.py:925} INFO - DAG(s) 'etl_pipeline' retrieved from /opt/airflow/dags/etl-dag.py
[2026-05-05T22:02:32.597+0000] {logging_mixin.py:190} INFO - [2026-05-05T22:02:32.597+0000] {dag.py:3239} INFO - Sync 1 DAGs
[2026-05-05T22:02:32.620+0000] {logging_mixin.py:190} INFO - [2026-05-05T22:02:32.620+0000] {dag.py:4180} INFO - Setting next_dagrun for etl_pipeline to 2026-05-04 00:00:00+00:00, run_after=2026-05-05 00:00:00+00:00
[2026-05-05T22:02:32.641+0000] {processor.py:208} INFO - Processing /opt/airflow/dags/etl-dag.py took 0.880 seconds
[2026-05-05T22:03:03.079+0000] {processor.py:186} INFO - Started process (PID=285) to work on /opt/airflow/dags/etl-dag.py
[2026-05-05T22:03:03.082+0000] {processor.py:914} INFO - Processing file /opt/airflow/dags/etl-dag.py for tasks to queue
[2026-05-05T22:03:03.087+0000] {logging_mixin.py:190} INFO - [2026-05-05T22:03:03.086+0000] {dagbag.py:588} INFO - Filling up the DagBag from /opt/airflow/dags/etl-dag.py
[2026-05-05T22:03:04.545+0000] {processor.py:925} INFO - DAG(s) 'etl_pipeline' retrieved from /opt/airflow/dags/etl-dag.py
[2026-05-05T22:03:04.609+0000] {logging_mixin.py:190} INFO - [2026-05-05T22:03:04.609+0000] {dag.py:3239} INFO - Sync 1 DAGs
[2026-05-05T22:03:04.650+0000] {logging_mixin.py:190} INFO - [2026-05-05T22:03:04.650+0000] {dag.py:4180} INFO - Setting next_dagrun for etl_pipeline to 2026-05-04 00:00:00+00:00, run_after=2026-05-05 00:00:00+00:00
[2026-05-05T22:03:04.670+0000] {processor.py:208} INFO - Processing /opt/airflow/dags/etl-dag.py took 1.626 seconds
[2026-05-05T22:20:20.811+0000] {processor.py:186} INFO - Started process (PID=197) to work on /opt/airflow/dags/etl-dag.py
[2026-05-05T22:20:20.813+0000] {processor.py:914} INFO - Processing file /opt/airflow/dags/etl-dag.py for tasks to queue
[2026-05-05T22:20:20.816+0000] {logging_mixin.py:190} INFO - [2026-05-05T22:20:20.815+0000] {dagbag.py:588} INFO - Filling up the DagBag from /opt/airflow/dags/etl-dag.py
[2026-05-05T22:20:23.234+0000] {processor.py:925} INFO - DAG(s) 'etl_pipeline' retrieved from /opt/airflow/dags/etl-dag.py
[2026-05-05T22:20:23.277+0000] {logging_mixin.py:190} INFO - [2026-05-05T22:20:23.277+0000] {dag.py:3239} INFO - Sync 1 DAGs
[2026-05-05T22:20:23.306+0000] {logging_mixin.py:190} INFO - [2026-05-05T22:20:23.306+0000] {dag.py:4180} INFO - Setting next_dagrun for etl_pipeline to 2026-05-04 00:00:00+00:00, run_after=2026-05-05 00:00:00+00:00
[2026-05-05T22:20:23.333+0000] {processor.py:208} INFO - Processing /opt/airflow/dags/etl-dag.py took 2.536 seconds
[2026-05-05T22:22:04.425+0000] {processor.py:186} INFO - Started process (PID=204) to work on /opt/airflow/dags/etl-dag.py
[2026-05-05T22:22:04.439+0000] {processor.py:914} INFO - Processing file /opt/airflow/dags/etl-dag.py for tasks to queue
[2026-05-05T22:22:04.450+0000] {logging_mixin.py:190} INFO - [2026-05-05T22:22:04.448+0000] {dagbag.py:588} INFO - Filling up the DagBag from /opt/airflow/dags/etl-dag.py
[2026-05-05T22:22:13.662+0000] {processor.py:925} INFO - DAG(s) 'etl_pipeline' retrieved from /opt/airflow/dags/etl-dag.py
[2026-05-05T22:22:13.744+0000] {logging_mixin.py:190} INFO - [2026-05-05T22:22:13.743+0000] {dag.py:3239} INFO - Sync 1 DAGs
[2026-05-05T22:22:13.797+0000] {logging_mixin.py:190} INFO - [2026-05-05T22:22:13.797+0000] {dag.py:4180} INFO - Setting next_dagrun for etl_pipeline to 2026-05-04 00:00:00+00:00, run_after=2026-05-05 00:00:00+00:00
[2026-05-05T22:22:13.849+0000] {processor.py:208} INFO - Processing /opt/airflow/dags/etl-dag.py took 9.478 seconds
[2026-05-05T22:22:43.973+0000] {processor.py:186} INFO - Started process (PID=223) to work on /opt/airflow/dags/etl-dag.py
[2026-05-05T22:22:43.975+0000] {processor.py:914} INFO - Processing file /opt/airflow/dags/etl-dag.py for tasks to queue
[2026-05-05T22:22:43.979+0000] {logging_mixin.py:190} INFO - [2026-05-05T22:22:43.978+0000] {dagbag.py:588} INFO - Filling up the DagBag from /opt/airflow/dags/etl-dag.py
[2026-05-05T22:22:45.429+0000] {processor.py:925} INFO - DAG(s) 'etl_pipeline' retrieved from /opt/airflow/dags/etl-dag.py
[2026-05-05T22:22:45.465+0000] {logging_mixin.py:190} INFO - [2026-05-05T22:22:45.464+0000] {dag.py:3239} INFO - Sync 1 DAGs
[2026-05-05T22:22:45.487+0000] {logging_mixin.py:190} INFO - [2026-05-05T22:22:45.487+0000] {dag.py:4180} INFO - Setting next_dagrun for etl_pipeline to 2026-05-04 00:00:00+00:00, run_after=2026-05-05 00:00:00+00:00
[2026-05-05T22:22:45.505+0000] {processor.py:208} INFO - Processing /opt/airflow/dags/etl-dag.py took 1.537 seconds
[2026-05-05T22:23:15.713+0000] {processor.py:186} INFO - Started process (PID=236) to work on /opt/airflow/dags/etl-dag.py
[2026-05-05T22:23:15.728+0000] {processor.py:914} INFO - Processing file /opt/airflow/dags/etl-dag.py for tasks to queue
[2026-05-05T22:23:15.737+0000] {logging_mixin.py:190} INFO - [2026-05-05T22:23:15.736+0000] {dagbag.py:588} INFO - Filling up the DagBag from /opt/airflow/dags/etl-dag.py
[2026-05-05T22:23:18.219+0000] {processor.py:925} INFO - DAG(s) 'etl_pipeline' retrieved from /opt/airflow/dags/etl-dag.py
[2026-05-05T22:23:18.249+0000] {logging_mixin.py:190} INFO - [2026-05-05T22:23:18.249+0000] {dag.py:3239} INFO - Sync 1 DAGs
[2026-05-05T22:23:18.277+0000] {logging_mixin.py:190} INFO - [2026-05-05T22:23:18.277+0000] {dag.py:4180} INFO - Setting next_dagrun for etl_pipeline to 2026-05-04 00:00:00+00:00, run_after=2026-05-05 00:00:00+00:00
[2026-05-05T22:23:18.299+0000] {processor.py:208} INFO - Processing /opt/airflow/dags/etl-dag.py took 2.604 seconds
[2026-05-05T22:23:48.689+0000] {processor.py:186} INFO - Started process (PID=250) to work on /opt/airflow/dags/etl-dag.py
[2026-05-05T22:23:48.692+0000] {processor.py:914} INFO - Processing file /opt/airflow/dags/etl-dag.py for tasks to queue
[2026-05-05T22:23:48.697+0000] {logging_mixin.py:190} INFO - [2026-05-05T22:23:48.696+0000] {dagbag.py:588} INFO - Filling up the DagBag from /opt/airflow/dags/etl-dag.py
[2026-05-05T22:23:50.253+0000] {processor.py:925} INFO - DAG(s) 'etl_pipeline' retrieved from /opt/airflow/dags/etl-dag.py
[2026-05-05T22:23:50.294+0000] {logging_mixin.py:190} INFO - [2026-05-05T22:23:50.294+0000] {dag.py:3239} INFO - Sync 1 DAGs
[2026-05-05T22:23:50.320+0000] {logging_mixin.py:190} INFO - [2026-05-05T22:23:50.320+0000] {dag.py:4180} INFO - Setting next_dagrun for etl_pipeline to 2026-05-04 00:00:00+00:00, run_after=2026-05-05 00:00:00+00:00
[2026-05-05T22:23:50.343+0000] {processor.py:208} INFO - Processing /opt/airflow/dags/etl-dag.py took 1.664 seconds
[2026-05-05T22:24:20.648+0000] {processor.py:186} INFO - Started process (PID=268) to work on /opt/airflow/dags/etl-dag.py
[2026-05-05T22:24:20.652+0000] {processor.py:914} INFO - Processing file /opt/airflow/dags/etl-dag.py for tasks to queue
[2026-05-05T22:24:20.656+0000] {logging_mixin.py:190} INFO - [2026-05-05T22:24:20.656+0000] {dagbag.py:588} INFO - Filling up the DagBag from /opt/airflow/dags/etl-dag.py
[2026-05-05T22:24:23.275+0000] {processor.py:925} INFO - DAG(s) 'etl_pipeline' retrieved from /opt/airflow/dags/etl-dag.py
[2026-05-05T22:24:23.539+0000] {logging_mixin.py:190} INFO - [2026-05-05T22:24:23.537+0000] {dag.py:3239} INFO - Sync 1 DAGs
[2026-05-05T22:24:23.726+0000] {logging_mixin.py:190} INFO - [2026-05-05T22:24:23.724+0000] {dag.py:4180} INFO - Setting next_dagrun for etl_pipeline to 2026-05-04 00:00:00+00:00, run_after=2026-05-05 00:00:00+00:00
[2026-05-05T22:24:23.778+0000] {processor.py:208} INFO - Processing /opt/airflow/dags/etl-dag.py took 3.139 seconds
[2026-05-05T22:24:54.174+0000] {processor.py:186} INFO - Started process (PID=281) to work on /opt/airflow/dags/etl-dag.py
[2026-05-05T22:24:54.176+0000] {processor.py:914} INFO - Processing file /opt/airflow/dags/etl-dag.py for tasks to queue
[2026-05-05T22:24:54.181+0000] {logging_mixin.py:190} INFO - [2026-05-05T22:24:54.180+0000] {dagbag.py:588} INFO - Filling up the DagBag from /opt/airflow/dags/etl-dag.py
[2026-05-05T22:24:55.585+0000] {processor.py:925} INFO - DAG(s) 'etl_pipeline' retrieved from /opt/airflow/dags/etl-dag.py
[2026-05-05T22:24:55.666+0000] {logging_mixin.py:190} INFO - [2026-05-05T22:24:55.665+0000] {dag.py:3239} INFO - Sync 1 DAGs
[2026-05-05T22:24:55.697+0000] {logging_mixin.py:190} INFO - [2026-05-05T22:24:55.697+0000] {dag.py:4180} INFO - Setting next_dagrun for etl_pipeline to 2026-05-04 00:00:00+00:00, run_after=2026-05-05 00:00:00+00:00
[2026-05-05T22:24:55.718+0000] {processor.py:208} INFO - Processing /opt/airflow/dags/etl-dag.py took 1.551 seconds
[2026-05-05T22:25:26.057+0000] {processor.py:186} INFO - Started process (PID=294) to work on /opt/airflow/dags/etl-dag.py
[2026-05-05T22:25:26.060+0000] {processor.py:914} INFO - Processing file /opt/airflow/dags/etl-dag.py for tasks to queue
[2026-05-05T22:25:26.063+0000] {logging_mixin.py:190} INFO - [2026-05-05T22:25:26.062+0000] {dagbag.py:588} INFO - Filling up the DagBag from /opt/airflow/dags/etl-dag.py
[2026-05-05T22:25:26.689+0000] {processor.py:925} INFO - DAG(s) 'etl_pipeline' retrieved from /opt/airflow/dags/etl-dag.py
[2026-05-05T22:25:26.717+0000] {logging_mixin.py:190} INFO - [2026-05-05T22:25:26.716+0000] {dag.py:3239} INFO - Sync 1 DAGs
[2026-05-05T22:25:26.736+0000] {logging_mixin.py:190} INFO - [2026-05-05T22:25:26.735+0000] {dag.py:4180} INFO - Setting next_dagrun for etl_pipeline to 2026-05-04 00:00:00+00:00, run_after=2026-05-05 00:00:00+00:00
[2026-05-05T22:25:26.765+0000] {processor.py:208} INFO - Processing /opt/airflow/dags/etl-dag.py took 0.713 seconds
[2026-05-05T22:25:57.109+0000] {processor.py:186} INFO - Started process (PID=306) to work on /opt/airflow/dags/etl-dag.py
[2026-05-05T22:25:57.110+0000] {processor.py:914} INFO - Processing file /opt/airflow/dags/etl-dag.py for tasks to queue
[2026-05-05T22:25:57.113+0000] {logging_mixin.py:190} INFO - [2026-05-05T22:25:57.112+0000] {dagbag.py:588} INFO - Filling up the DagBag from /opt/airflow/dags/etl-dag.py
[2026-05-05T22:25:57.979+0000] {processor.py:925} INFO - DAG(s) 'etl_pipeline' retrieved from /opt/airflow/dags/etl-dag.py
[2026-05-05T22:25:58.028+0000] {logging_mixin.py:190} INFO - [2026-05-05T22:25:58.028+0000] {dag.py:3239} INFO - Sync 1 DAGs
[2026-05-05T22:25:58.113+0000] {logging_mixin.py:190} INFO - [2026-05-05T22:25:58.113+0000] {dag.py:4180} INFO - Setting next_dagrun for etl_pipeline to 2026-05-04 00:00:00+00:00, run_after=2026-05-05 00:00:00+00:00
[2026-05-05T22:25:58.158+0000] {processor.py:208} INFO - Processing /opt/airflow/dags/etl-dag.py took 1.055 seconds
[2026-05-05T22:26:28.446+0000] {processor.py:186} INFO - Started process (PID=319) to work on /opt/airflow/dags/etl-dag.py
[2026-05-05T22:26:28.449+0000] {processor.py:914} INFO - Processing file /opt/airflow/dags/etl-dag.py for tasks to queue
[2026-05-05T22:26:28.451+0000] {logging_mixin.py:190} INFO - [2026-05-05T22:26:28.451+0000] {dagbag.py:588} INFO - Filling up the DagBag from /opt/airflow/dags/etl-dag.py
[2026-05-05T22:26:29.000+0000] {processor.py:925} INFO - DAG(s) 'etl_pipeline' retrieved from /opt/airflow/dags/etl-dag.py
[2026-05-05T22:26:29.043+0000] {logging_mixin.py:190} INFO - [2026-05-05T22:26:29.042+0000] {dag.py:3239} INFO - Sync 1 DAGs
[2026-05-05T22:26:29.082+0000] {logging_mixin.py:190} INFO - [2026-05-05T22:26:29.082+0000] {dag.py:4180} INFO - Setting next_dagrun for etl_pipeline to 2026-05-04 00:00:00+00:00, run_after=2026-05-05 00:00:00+00:00
[2026-05-05T22:26:29.131+0000] {processor.py:208} INFO - Processing /opt/airflow/dags/etl-dag.py took 0.691 seconds
[2026-05-05T22:26:59.540+0000] {processor.py:186} INFO - Started process (PID=332) to work on /opt/airflow/dags/etl-dag.py
[2026-05-05T22:26:59.541+0000] {processor.py:914} INFO - Processing file /opt/airflow/dags/etl-dag.py for tasks to queue
[2026-05-05T22:26:59.543+0000] {logging_mixin.py:190} INFO - [2026-05-05T22:26:59.543+0000] {dagbag.py:588} INFO - Filling up the DagBag from /opt/airflow/dags/etl-dag.py
[2026-05-05T22:27:00.109+0000] {processor.py:925} INFO - DAG(s) 'etl_pipeline' retrieved from /opt/airflow/dags/etl-dag.py
[2026-05-05T22:27:00.128+0000] {logging_mixin.py:190} INFO - [2026-05-05T22:27:00.127+0000] {dag.py:3239} INFO - Sync 1 DAGs
[2026-05-05T22:27:00.143+0000] {logging_mixin.py:190} INFO - [2026-05-05T22:27:00.143+0000] {dag.py:4180} INFO - Setting next_dagrun for etl_pipeline to 2026-05-04 00:00:00+00:00, run_after=2026-05-05 00:00:00+00:00
[2026-05-05T22:27:00.159+0000] {processor.py:208} INFO - Processing /opt/airflow/dags/etl-dag.py took 0.623 seconds
[2026-05-05T22:27:30.568+0000] {processor.py:186} INFO - Started process (PID=345) to work on /opt/airflow/dags/etl-dag.py
[2026-05-05T22:27:30.569+0000] {processor.py:914} INFO - Processing file /opt/airflow/dags/etl-dag.py for tasks to queue
[2026-05-05T22:27:30.571+0000] {logging_mixin.py:190} INFO - [2026-05-05T22:27:30.571+0000] {dagbag.py:588} INFO - Filling up the DagBag from /opt/airflow/dags/etl-dag.py
[2026-05-05T22:27:31.225+0000] {processor.py:925} INFO - DAG(s) 'etl_pipeline' retrieved from /opt/airflow/dags/etl-dag.py
[2026-05-05T22:27:31.242+0000] {logging_mixin.py:190} INFO - [2026-05-05T22:27:31.242+0000] {dag.py:3239} INFO - Sync 1 DAGs
[2026-05-05T22:27:31.259+0000] {logging_mixin.py:190} INFO - [2026-05-05T22:27:31.259+0000] {dag.py:4180} INFO - Setting next_dagrun for etl_pipeline to 2026-05-04 00:00:00+00:00, run_after=2026-05-05 00:00:00+00:00
[2026-05-05T22:27:31.276+0000] {processor.py:208} INFO - Processing /opt/airflow/dags/etl-dag.py took 0.713 seconds
[2026-05-05T22:28:01.598+0000] {processor.py:186} INFO - Started process (PID=358) to work on /opt/airflow/dags/etl-dag.py
[2026-05-05T22:28:01.601+0000] {processor.py:914} INFO - Processing file /opt/airflow/dags/etl-dag.py for tasks to queue
[2026-05-05T22:28:01.604+0000] {logging_mixin.py:190} INFO - [2026-05-05T22:28:01.604+0000] {dagbag.py:588} INFO - Filling up the DagBag from /opt/airflow/dags/etl-dag.py
[2026-05-05T22:28:02.227+0000] {processor.py:925} INFO - DAG(s) 'etl_pipeline' retrieved from /opt/airflow/dags/etl-dag.py
[2026-05-05T22:28:02.250+0000] {logging_mixin.py:190} INFO - [2026-05-05T22:28:02.250+0000] {dag.py:3239} INFO - Sync 1 DAGs
[2026-05-05T22:28:02.271+0000] {logging_mixin.py:190} INFO - [2026-05-05T22:28:02.270+0000] {dag.py:4180} INFO - Setting next_dagrun for etl_pipeline to 2026-05-04 00:00:00+00:00, run_after=2026-05-05 00:00:00+00:00
[2026-05-05T22:28:02.288+0000] {processor.py:208} INFO - Processing /opt/airflow/dags/etl-dag.py took 0.696 seconds
